2026-04-23 13:41:44,267 [INFO] Activator:176 - 


2026-04-23 13:41:44,286 [INFO] Activator:177 - !SESSION log4j initialized
2026-04-23 13:42:05,297 [INFO] LogOutputStream:77 - [STDOUT_REDIRECT] 
2026-04-23 13:42:07,818 [INFO] ApplicationProperties:184 - Using Application install path: C:\ST\STM32CubeIDE_1.19.0\STM32CubeIDE\plugins\com.st.stm32cube.common.mx_6.15.0.202507011659
2026-04-23 13:42:07,862 [INFO] DbMcusXml:78 - Set database path to: C:\ST\STM32CubeIDE_1.19.0\STM32CubeIDE\plugins\com.st.stm32cube.common.mx_6.15.0.202507011659\\db\/mcu/
2026-04-23 13:42:07,863 [INFO] ApiDb:274 - Set plugin database path to: C:\ST\STM32CubeIDE_1.19.0\STM32CubeIDE\plugins\com.st.stm32cube.common.mx_6.15.0.202507011659\\db\/plugins/boardmanager/
2026-04-23 13:42:07,864 [WARN] ApiDb:259 - Overriding images path with different value:  => C:\ST\STM32CubeIDE_1.19.0\STM32CubeIDE\plugins\com.st.stm32cube.common.mx_6.15.0.202507011659\\db\/plugins/mcufinder/images/
2026-04-23 13:42:07,889 [INFO] ApiDb:250 - Set database path to: C:\Users\Mujaid\.stmcufinder\plugins\mcufinder//mcu/
2026-04-23 13:42:07,892 [INFO] DbMcusAds:125 - Set database path to: C:\Users\Mujaid\.stmcufinder\plugins\mcufinder//mcu/
2026-04-23 13:42:07,897 [INFO] CrossReferenceDbSqlite:203 - Set database path to: C:\Users\Mujaid\.stmcufinder\plugins\mcufinder//mcu/cs/
2026-04-23 13:42:08,347 [INFO] RulesReader:64 - Compatibility file has been processed (317 Rules)
2026-04-23 13:42:08,635 [INFO] DbMcusXml:78 - Set database path to: C:\ST\STM32CubeIDE_1.19.0\STM32CubeIDE\plugins\com.st.stm32cube.common.mx_6.15.0.202507011659\\db\/mcu/
2026-04-23 13:42:08,635 [INFO] ApiDb:274 - Set plugin database path to: C:\ST\STM32CubeIDE_1.19.0\STM32CubeIDE\plugins\com.st.stm32cube.common.mx_6.15.0.202507011659\\db\/plugins/boardmanager/
2026-04-23 13:42:08,637 [INFO] ApiDb:261 - Set plugin images path to: C:\ST\STM32CubeIDE_1.19.0\STM32CubeIDE\plugins\com.st.stm32cube.common.mx_6.15.0.202507011659\\db\/plugins/mcufinder/images/
2026-04-23 13:42:08,637 [WARN] DbFile:41 - Overriding database path with different value: C:\Users\Mujaid\.stmcufinder\plugins\mcufinder/ => C:\Users\Mujaid\.stmcufinder\plugins\mcufinder
2026-04-23 13:42:08,637 [INFO] ApiDb:250 - Set database path to: C:\Users\Mujaid\.stmcufinder\plugins\mcufinder//mcu/
2026-04-23 13:42:08,637 [WARN] DbFile:41 - Overriding database path with different value: C:\Users\Mujaid\.stmcufinder\plugins\mcufinder/ => C:\Users\Mujaid\.stmcufinder\plugins\mcufinder
2026-04-23 13:42:08,638 [INFO] DbMcusAds:125 - Set database path to: C:\Users\Mujaid\.stmcufinder\plugins\mcufinder//mcu/
2026-04-23 13:42:08,638 [WARN] DbFile:41 - Overriding database path with different value: C:\Users\Mujaid\.stmcufinder\plugins\mcufinder/ => C:\Users\Mujaid\.stmcufinder\plugins\mcufinder
2026-04-23 13:42:08,638 [WARN] DbFile:41 - Overriding database path with different value: C:\Users\Mujaid\.stmcufinder\plugins\mcufinder/ => C:\Users\Mujaid\.stmcufinder\plugins\mcufinder
2026-04-23 13:42:08,638 [INFO] CrossReferenceDbSqlite:203 - Set database path to: C:\Users\Mujaid\.stmcufinder\plugins\mcufinder//mcu/cs/
2026-04-23 13:42:08,926 [INFO] MainPanel:274 - HeapMemory: 268435456
2026-04-23 13:42:09,342 [INFO] DbMcusXml:78 - Set database path to: C:\ST\STM32CubeIDE_1.19.0\STM32CubeIDE\plugins\com.st.stm32cube.common.mx_6.15.0.202507011659\\db\/mcu/
2026-04-23 13:42:09,342 [INFO] ApiDb:274 - Set plugin database path to: C:\ST\STM32CubeIDE_1.19.0\STM32CubeIDE\plugins\com.st.stm32cube.common.mx_6.15.0.202507011659\\db\/plugins/boardmanager/
2026-04-23 13:42:09,343 [INFO] ApiDb:261 - Set plugin images path to: C:\ST\STM32CubeIDE_1.19.0\STM32CubeIDE\plugins\com.st.stm32cube.common.mx_6.15.0.202507011659\\db\/plugins/mcufinder/images/
2026-04-23 13:42:09,344 [WARN] DbFile:41 - Overriding database path with different value: C:\Users\Mujaid\.stmcufinder\plugins\mcufinder/ => C:\Users\Mujaid\.stmcufinder\plugins\mcufinder
2026-04-23 13:42:09,344 [INFO] ApiDb:250 - Set database path to: C:\Users\Mujaid\.stmcufinder\plugins\mcufinder//mcu/
2026-04-23 13:42:09,345 [WARN] DbFile:41 - Overriding database path with different value: C:\Users\Mujaid\.stmcufinder\plugins\mcufinder/ => C:\Users\Mujaid\.stmcufinder\plugins\mcufinder
2026-04-23 13:42:09,345 [INFO] DbMcusAds:125 - Set database path to: C:\Users\Mujaid\.stmcufinder\plugins\mcufinder//mcu/
2026-04-23 13:42:09,346 [WARN] DbFile:41 - Overriding database path with different value: C:\Users\Mujaid\.stmcufinder\plugins\mcufinder/ => C:\Users\Mujaid\.stmcufinder\plugins\mcufinder
2026-04-23 13:42:09,346 [WARN] DbFile:41 - Overriding database path with different value: C:\Users\Mujaid\.stmcufinder\plugins\mcufinder/ => C:\Users\Mujaid\.stmcufinder\plugins\mcufinder
2026-04-23 13:42:09,346 [INFO] CrossReferenceDbSqlite:203 - Set database path to: C:\Users\Mujaid\.stmcufinder\plugins\mcufinder//mcu/cs/
2026-04-23 13:42:09,398 [INFO] ApplicationProperties:184 - Using Application install path: C:\ST\STM32CubeIDE_1.19.0\STM32CubeIDE\plugins\com.st.stm32cube.common.mx_6.15.0.202507011659
2026-04-23 13:42:09,402 [INFO] PluginManage:196 - Search for loadable plugins [exclusion list=, ]
2026-04-23 13:42:09,406 [INFO] PluginManage:310 - Check plugin analytics
2026-04-23 13:42:10,115 [INFO] AnalyticsPlugin:253 - Accepted Software Licenses: 
2026-04-23 13:42:10,115 [INFO] AnalyticsPlugin:255 - Accepted CMSIS Pack Licenses: 
2026-04-23 13:42:10,116 [INFO] AnalyticsPlugin:257 - Accepted Firmware Licenses: 
2026-04-23 13:42:10,126 [INFO] PluginManage:359 - Loaded plugin analytics (category:tool,tabindex:-1)
2026-04-23 13:42:10,127 [INFO] PluginManage:310 - Check plugin cadmodel
2026-04-23 13:42:10,142 [INFO] CADModel:105 - Init CAD model plugin
2026-04-23 13:42:10,142 [INFO] PluginManage:359 - Loaded plugin cadmodel (category:power,tabindex:5)
2026-04-23 13:42:10,143 [INFO] PluginManage:310 - Check plugin clock
2026-04-23 13:42:10,170 [INFO] PluginManage:359 - Loaded plugin clock (category:base,tabindex:2)
2026-04-23 13:42:10,170 [INFO] PluginManage:310 - Check plugin ddr
2026-04-23 13:42:10,183 [INFO] PluginManage:359 - Loaded plugin ddr (category:tool,tabindex:6)
2026-04-23 13:42:10,184 [INFO] PluginManage:310 - Check plugin filemanager
2026-04-23 13:42:10,723 [INFO] PluginManage:359 - Loaded plugin filemanager (category:base,tabindex:10)
2026-04-23 13:42:10,724 [INFO] PluginManage:310 - Check plugin ipmanager
2026-04-23 13:42:10,746 [INFO] PluginManage:359 - Loaded plugin ipmanager (category:base,tabindex:5)
2026-04-23 13:42:10,747 [INFO] PluginManage:310 - Check plugin lpbam
2026-04-23 13:42:10,771 [INFO] PluginManage:359 - Loaded plugin lpbam (category:base,tabindex:0)
2026-04-23 13:42:10,773 [INFO] PluginManage:310 - Check plugin memorymap
2026-04-23 13:42:10,886 [INFO] PluginManage:359 - Loaded plugin memorymap (category:base,tabindex:4)
2026-04-23 13:42:10,886 [INFO] PluginManage:310 - Check plugin pinoutandconfiguration
2026-04-23 13:42:10,918 [INFO] PluginManage:359 - Loaded plugin pinoutandconfiguration (category:base,tabindex:1)
2026-04-23 13:42:10,918 [INFO] PluginManage:310 - Check plugin pinoutconfig
2026-04-23 13:42:11,242 [WARN] SupportedApi:132 - Cannot load RTOS API schema: s4s-elt-must-match.1: The content of 'definitions' must match (annotation?, (simpleType | complexType)?, (unique | key | keyref)*)). A problem was found starting at: attribute.
2026-04-23 13:42:11,583 [INFO] PluginManage:359 - Loaded plugin pinoutconfig (category:base,tabindex:0)
2026-04-23 13:42:11,583 [INFO] PluginManage:310 - Check plugin power
2026-04-23 13:42:11,714 [INFO] PluginManage:359 - Loaded plugin power (category:power,tabindex:4)
2026-04-23 13:42:11,715 [INFO] PluginManage:310 - Check plugin projectmanager
2026-04-23 13:42:11,772 [INFO] PluginManage:359 - Loaded plugin projectmanager (category:projectmanager,tabindex:4)
2026-04-23 13:42:11,772 [INFO] PluginManage:310 - Check plugin rif
2026-04-23 13:42:11,816 [INFO] PluginManage:359 - Loaded plugin rif (category:base,tabindex:3)
2026-04-23 13:42:11,817 [INFO] PluginManage:310 - Check plugin thirdparty
2026-04-23 13:42:12,223 [INFO] PluginManage:359 - Loaded plugin thirdparty (category:base,tabindex:-1)
2026-04-23 13:42:12,223 [WARN] IntegrityCheckThread:84 - waiting for thirdparty lock release [integrity check]
2026-04-23 13:42:12,225 [INFO] PluginManage:310 - Check plugin tools
2026-04-23 13:42:12,225 [INFO] IntegrityCheckThread:86 - entering critical section [integrity check]
2026-04-23 13:42:12,228 [INFO] ThirdPartyUpdaterWithRetryManager:70 - Updater plugin not ready yet. [1/15]
2026-04-23 13:42:12,232 [INFO] PluginManage:359 - Loaded plugin tools (category:base,tabindex:7)
2026-04-23 13:42:12,232 [INFO] PluginManage:310 - Check plugin tutovideos
2026-04-23 13:42:12,838 [INFO] PluginManage:359 - Loaded plugin tutovideos (category:base,tabindex:-1)
2026-04-23 13:42:12,839 [INFO] PluginManage:310 - Check plugin updater
2026-04-23 13:42:12,954 [INFO] PluginManage:359 - Loaded plugin updater (category:base,tabindex:12)
2026-04-23 13:42:12,955 [INFO] PluginManage:310 - Check plugin userauth
2026-04-23 13:42:12,988 [INFO] UserAuth:118 - Init User Auth plugin
2026-04-23 13:42:13,000 [INFO] PluginManage:359 - Loaded plugin userauth (category:base,tabindex:14)
2026-04-23 13:42:13,001 [INFO] PluginManage:283 - PluginManage : Loaded plugins [18]
2026-04-23 13:42:13,835 [INFO] PinOutPanel:1589 - setPackage(No Configuration,No Configuration)
2026-04-23 13:42:14,198 [INFO] CADModel:165 - CPN selected for project level
2026-04-23 13:42:14,198 [INFO] CADModel:114 - Register for checkConnection events
2026-04-23 13:42:14,257 [INFO] IPUIPlugin:80 - create IPUIPlugin
2026-04-23 13:42:14,258 [INFO] PluginManager:220 - loadIPPluginJar : add adc
2026-04-23 13:42:14,270 [INFO] IPUIPlugin:80 - create IPUIPlugin
2026-04-23 13:42:14,271 [INFO] PluginManager:220 - loadIPPluginJar : add aes
2026-04-23 13:42:14,282 [INFO] IPUIPlugin:80 - create IPUIPlugin
2026-04-23 13:42:14,283 [INFO] PluginManager:220 - loadIPPluginJar : add can
2026-04-23 13:42:14,291 [INFO] IPUIPlugin:80 - create IPUIPlugin
2026-04-23 13:42:14,291 [INFO] PluginManager:220 - loadIPPluginJar : add comp
2026-04-23 13:42:14,302 [INFO] IPUIPlugin:80 - create IPUIPlugin
2026-04-23 13:42:14,303 [INFO] PluginManager:220 - loadIPPluginJar : add cryp
2026-04-23 13:42:14,315 [INFO] IPUIPlugin:80 - create IPUIPlugin
2026-04-23 13:42:14,315 [INFO] PluginManager:220 - loadIPPluginJar : add ddr_ctrl_phy
2026-04-23 13:42:14,324 [INFO] IPUIPlugin:80 - create IPUIPlugin
2026-04-23 13:42:14,325 [INFO] PluginManager:220 - loadIPPluginJar : add dfsdm
2026-04-23 13:42:14,343 [INFO] IPUIPlugin:80 - create IPUIPlugin
2026-04-23 13:42:14,344 [INFO] PluginManager:220 - loadIPPluginJar : add dma
2026-04-23 13:42:14,354 [INFO] IPUIPlugin:80 - create IPUIPlugin
2026-04-23 13:42:14,355 [INFO] PluginManager:220 - loadIPPluginJar : add dma3
2026-04-23 13:42:14,364 [INFO] IPUIPlugin:80 - create IPUIPlugin
2026-04-23 13:42:14,365 [INFO] PluginManager:220 - loadIPPluginJar : add extmemmanager
2026-04-23 13:42:14,371 [INFO] IPUIPlugin:80 - create IPUIPlugin
2026-04-23 13:42:14,372 [INFO] PluginManager:220 - loadIPPluginJar : add fatfs
2026-04-23 13:42:14,387 [INFO] IPUIPlugin:80 - create IPUIPlugin
2026-04-23 13:42:14,388 [INFO] PluginManager:220 - loadIPPluginJar : add fmc
2026-04-23 13:42:14,406 [INFO] IPUIPlugin:80 - create IPUIPlugin
2026-04-23 13:42:14,406 [INFO] PluginManager:220 - loadIPPluginJar : add freertos
2026-04-23 13:42:14,412 [INFO] IPUIPlugin:80 - create IPUIPlugin
2026-04-23 13:42:14,413 [INFO] PluginManager:220 - loadIPPluginJar : add genericplugin
2026-04-23 13:42:14,424 [INFO] IPUIPlugin:80 - create IPUIPlugin
2026-04-23 13:42:14,424 [INFO] PluginManager:220 - loadIPPluginJar : add gfxmmu
2026-04-23 13:42:14,442 [INFO] IPUIPlugin:80 - create IPUIPlugin
2026-04-23 13:42:14,443 [INFO] PluginManager:220 - loadIPPluginJar : add gic
2026-04-23 13:42:14,455 [INFO] IPUIPlugin:80 - create IPUIPlugin
2026-04-23 13:42:14,456 [INFO] PluginManager:220 - loadIPPluginJar : add gpio
2026-04-23 13:42:14,465 [INFO] IPUIPlugin:80 - create IPUIPlugin
2026-04-23 13:42:14,465 [INFO] PluginManager:220 - loadIPPluginJar : add gtzc
2026-04-23 13:42:14,472 [INFO] IPUIPlugin:80 - create IPUIPlugin
2026-04-23 13:42:14,472 [INFO] PluginManager:220 - loadIPPluginJar : add hash
2026-04-23 13:42:14,480 [INFO] IPUIPlugin:80 - create IPUIPlugin
2026-04-23 13:42:14,480 [INFO] PluginManager:220 - loadIPPluginJar : add i2c
2026-04-23 13:42:14,486 [INFO] IPUIPlugin:80 - create IPUIPlugin
2026-04-23 13:42:14,487 [INFO] PluginManager:220 - loadIPPluginJar : add i2s
2026-04-23 13:42:14,494 [INFO] IPUIPlugin:80 - create IPUIPlugin
2026-04-23 13:42:14,496 [INFO] PluginManager:220 - loadIPPluginJar : add i3c
2026-04-23 13:42:14,505 [INFO] IPUIPlugin:80 - create IPUIPlugin
2026-04-23 13:42:14,506 [INFO] PluginManager:220 - loadIPPluginJar : add ipddr
2026-04-23 13:42:14,527 [INFO] IPUIPlugin:80 - create IPUIPlugin
2026-04-23 13:42:14,529 [INFO] PluginManager:220 - loadIPPluginJar : add linkedlist
2026-04-23 13:42:14,540 [INFO] IPUIPlugin:80 - create IPUIPlugin
2026-04-23 13:42:14,541 [INFO] PluginManager:220 - loadIPPluginJar : add lorawan
2026-04-23 13:42:14,544 [INFO] IPUIPlugin:80 - create IPUIPlugin
2026-04-23 13:42:14,545 [INFO] PluginManager:220 - loadIPPluginJar : add ltdc
2026-04-23 13:42:14,561 [INFO] IPUIPlugin:80 - create IPUIPlugin
2026-04-23 13:42:14,561 [INFO] PluginManager:220 - loadIPPluginJar : add mdma
2026-04-23 13:42:14,570 [INFO] IPUIPlugin:80 - create IPUIPlugin
2026-04-23 13:42:14,570 [INFO] PluginManager:220 - loadIPPluginJar : add nvic
2026-04-23 13:42:14,576 [INFO] IPUIPlugin:80 - create IPUIPlugin
2026-04-23 13:42:14,577 [INFO] PluginManager:220 - loadIPPluginJar : add opamp
2026-04-23 13:42:14,583 [INFO] IPUIPlugin:80 - create IPUIPlugin
2026-04-23 13:42:14,583 [INFO] PluginManager:220 - loadIPPluginJar : add openamp
2026-04-23 13:42:14,607 [INFO] IPUIPlugin:80 - create IPUIPlugin
2026-04-23 13:42:14,607 [INFO] PluginManager:220 - loadIPPluginJar : add pdm2pcm
2026-04-23 13:42:14,642 [INFO] IPUIPlugin:80 - create IPUIPlugin
2026-04-23 13:42:14,683 [INFO] PluginManager:220 - loadIPPluginJar : add plateformsettings
2026-04-23 13:42:14,701 [INFO] IPUIPlugin:80 - create IPUIPlugin
2026-04-23 13:42:14,701 [INFO] PluginManager:220 - loadIPPluginJar : add quadspi
2026-04-23 13:42:14,707 [INFO] IPUIPlugin:80 - create IPUIPlugin
2026-04-23 13:42:14,709 [INFO] PluginManager:220 - loadIPPluginJar : add radio
2026-04-23 13:42:14,724 [INFO] IPUIPlugin:80 - create IPUIPlugin
2026-04-23 13:42:14,724 [INFO] PluginManager:220 - loadIPPluginJar : add resmgrutility
2026-04-23 13:42:14,737 [INFO] IPUIPlugin:80 - create IPUIPlugin
2026-04-23 13:42:14,737 [INFO] PluginManager:220 - loadIPPluginJar : add sai
2026-04-23 13:42:14,745 [INFO] IPUIPlugin:80 - create IPUIPlugin
2026-04-23 13:42:14,745 [INFO] PluginManager:220 - loadIPPluginJar : add spi
2026-04-23 13:42:14,762 [INFO] IPUIPlugin:80 - create IPUIPlugin
2026-04-23 13:42:14,762 [INFO] PluginManager:220 - loadIPPluginJar : add stm32_wpan
2026-04-23 13:42:14,767 [INFO] IPUIPlugin:80 - create IPUIPlugin
2026-04-23 13:42:14,767 [INFO] PluginManager:220 - loadIPPluginJar : add tim
2026-04-23 13:42:14,777 [INFO] IPUIPlugin:80 - create IPUIPlugin
2026-04-23 13:42:14,778 [INFO] PluginManager:220 - loadIPPluginJar : add touchsensing
2026-04-23 13:42:14,796 [INFO] IPUIPlugin:80 - create IPUIPlugin
2026-04-23 13:42:14,797 [INFO] PluginManager:220 - loadIPPluginJar : add tracer_emb
2026-04-23 13:42:14,820 [INFO] IPUIPlugin:80 - create IPUIPlugin
2026-04-23 13:42:14,821 [INFO] PluginManager:220 - loadIPPluginJar : add ts
2026-04-23 13:42:14,827 [INFO] IPUIPlugin:80 - create IPUIPlugin
2026-04-23 13:42:14,828 [INFO] PluginManager:220 - loadIPPluginJar : add tsc
2026-04-23 13:42:14,834 [INFO] IPUIPlugin:80 - create IPUIPlugin
2026-04-23 13:42:14,834 [INFO] PluginManager:220 - loadIPPluginJar : add ucpd
2026-04-23 13:42:14,843 [INFO] IPUIPlugin:80 - create IPUIPlugin
2026-04-23 13:42:14,843 [INFO] PluginManager:220 - loadIPPluginJar : add usart
2026-04-23 13:42:14,876 [INFO] IPUIPlugin:80 - create IPUIPlugin
2026-04-23 13:42:14,876 [INFO] PluginManager:220 - loadIPPluginJar : add usbx
2026-04-23 13:42:15,212 [FATAL] Updater:351 - Updater called before beeing initialized
2026-04-23 13:42:15,237 [INFO] ThirdPartyUpdaterWithRetryManager:70 - Updater plugin not ready yet. [2/15]
2026-04-23 13:42:15,430 [INFO] RulesReader:64 - Compatibility file has been processed (317 Rules)
2026-04-23 13:42:15,468 [INFO] RulesReader:64 - Compatibility file has been processed (317 Rules)
2026-04-23 13:42:15,524 [INFO] CADModel:165 - CPN selected for project level
2026-04-23 13:42:15,524 [INFO] CADModel:114 - Register for checkConnection events
2026-04-23 13:42:15,524 [FATAL] Updater:351 - Updater called before beeing initialized
2026-04-23 13:42:15,525 [ERROR] CADModel:125 - Updater not yet initialized, retry later 
2026-04-23 13:42:15,841 [FATAL] Updater:351 - Updater called before beeing initialized
2026-04-23 13:42:15,844 [INFO] CADModel:165 - CPN selected for project level
2026-04-23 13:42:15,844 [INFO] CADModel:114 - Register for checkConnection events
2026-04-23 13:42:15,844 [FATAL] Updater:351 - Updater called before beeing initialized
2026-04-23 13:42:15,844 [ERROR] CADModel:125 - Updater not yet initialized, retry later 
2026-04-23 13:42:15,848 [FATAL] Updater:351 - Updater called before beeing initialized
2026-04-23 13:42:15,984 [FATAL] Updater:351 - Updater called before beeing initialized
2026-04-23 13:42:15,991 [INFO] DbMcusAds:53 - JSON generation date=Thu Sep 30 12:25:09 IST 2021 (1632984909247)
2026-04-23 13:42:15,991 [FATAL] Updater:351 - Updater called before beeing initialized
2026-04-23 13:42:16,035 [WARN] DetailPanel:346 - Failed to get advertising image, set to default
2026-04-23 13:42:16,164 [FATAL] Updater:351 - Updater called before beeing initialized
2026-04-23 13:42:16,172 [FATAL] Updater:351 - Updater called before beeing initialized
2026-04-23 13:42:16,172 [FATAL] Updater:351 - Updater called before beeing initialized
2026-04-23 13:42:16,172 [WARN] DetailPanel:346 - Failed to get advertising image, set to default
2026-04-23 13:42:16,173 [FATAL] Updater:351 - Updater called before beeing initialized
2026-04-23 13:42:16,230 [ERROR] Updater:1198 - MainUpdater not yet initialized. External WinMGr cannot be set.
2026-04-23 13:42:16,233 [INFO] Updater:1134 - Updater Version found : 6.15.0
2026-04-23 13:42:16,259 [INFO] ApplicationProperties:184 - Using Application install path: C:\ST\STM32CubeIDE_1.19.0\STM32CubeIDE\plugins\com.st.stm32cube.common.mx_6.15.0.202507011659
2026-04-23 13:42:18,017 [ERROR] LogOutputStream:75 - [STDERR_REDIRECT] Apr 23, 2026 1:42:17 PM java.util.prefs.WindowsPreferences <init>
2026-04-23 13:42:18,021 [ERROR] LogOutputStream:75 - [STDERR_REDIRECT] WARNING: Could not open/create prefs root node Software\JavaSoft\Prefs at root 0xffffffff80000002. Windows RegCreateKeyEx(...) returned error code 5.
2026-04-23 13:42:18,021 [ERROR] LogOutputStream:75 - [STDERR_REDIRECT] 
2026-04-23 13:42:18,239 [FATAL] Updater:351 - Updater called before beeing initialized
2026-04-23 13:42:18,240 [ERROR] IntegrityCheckThread:130 - Cannot retrieve database content from updater: error 21
2026-04-23 13:42:18,240 [INFO] ThirdParty:978 - Integrity check success = false
2026-04-23 13:42:18,240 [INFO] IntegrityCheckThread:100 - exiting critical section [integrity check]
2026-04-23 13:42:18,240 [INFO] IntegrityCheckThread:103 - End integrity checks thread
2026-04-23 13:42:18,799 [INFO] MainUpdater:2872 - connection check result : 10
2026-04-23 13:42:18,800 [INFO] MainUpdater:3604 - Updater definition file requires update
2026-04-23 13:42:18,802 [INFO] MainUpdater:289 - Updater Check For Update Now.
2026-04-23 13:42:18,802 [INFO] MicroXplorer:498 - Change Database Version : DB.6.0.150
2026-04-23 13:42:18,811 [INFO] McuFinderGlobals:63 - Set McuFinder mode to 2 (CubeIDE integrated)
2026-04-23 13:42:18,812 [INFO] UserAuth:171 - activating auth plugin
2026-04-23 13:42:18,816 [INFO] UserAuth:487 - Internet connection configuration mode: 1
2026-04-23 13:42:18,851 [INFO] JxBrowserEngine:152 - Initiate JxBrowser Engine with user profile folder
2026-04-23 13:42:19,165 [INFO] ServerAccessManage:452 - Complete download http(s) 200
2026-04-23 13:42:19,166 [INFO] ServerAccessManage:509 - Download File updaters.zip
2026-04-23 13:42:20,197 [INFO] FileExtend:248 - Unzip File : updaters.zip
2026-04-23 13:42:20,197 [INFO] FileExtend:263 - Standard Zip Deflate
2026-04-23 13:42:21,355 [INFO] ServerAccessManage:452 - Complete download http(s) 200
2026-04-23 13:42:21,355 [INFO] ServerAccessManage:509 - Download File PacksControlFlags.xml
2026-04-23 13:42:21,396 [INFO] WebApp:169 - Instantiating new browser for Auth
2026-04-23 13:42:21,813 [INFO] ServerAccessManage:452 - Complete download http(s) 200
2026-04-23 13:42:21,814 [INFO] ServerAccessManage:509 - Download File cubemx.pidx
2026-04-23 13:42:22,968 [INFO] ServerAccessManage:452 - Complete download http(s) 200
2026-04-23 13:42:22,968 [INFO] ServerAccessManage:509 - Download File STMicroelectronics.FP-SNS-STAIOTCFT.pdsc
2026-04-23 13:42:23,386 [INFO] WebApp:463 - Apply proxy settings
2026-04-23 13:42:23,387 [INFO] WebApp:548 - Chromium requires no authentication
2026-04-23 13:42:23,404 [INFO] WebApp:491 - Direct internet connection detected
2026-04-23 13:42:23,448 [INFO] WebApp:900 - Register for checkConnection events
2026-04-23 13:42:23,448 [INFO] WebApp:463 - Apply proxy settings
2026-04-23 13:42:23,449 [INFO] WebApp:548 - Chromium requires no authentication
2026-04-23 13:42:23,450 [INFO] WebApp:491 - Direct internet connection detected
2026-04-23 13:42:23,850 [INFO] WebApp:225 - Starting web application
2026-04-23 13:42:23,851 [INFO] WebApp:593 - Web application path used C:\ST\STM32CubeIDE_1.19.0\STM32CubeIDE\plugins\com.st.stm32cube.common.mx_6.15.0.202507011659\db\plugins\mcufinder\reactClient1\index.html
2026-04-23 13:42:24,213 [INFO] WebApp:191 - Connection restablished
2026-04-23 13:42:25,151 [ERROR] LogOutputStream:75 - [STDERR_REDIRECT] [Fatal Error] :1:1: Premature end of file.
2026-04-23 13:42:25,152 [ERROR] LogOutputStream:75 - [STDERR_REDIRECT] 
2026-04-23 13:42:25,324 [INFO] ServerAccessManage:452 - Complete download http(s) 200
2026-04-23 13:42:25,324 [INFO] ServerAccessManage:509 - Download File STMicroelectronics.X-CUBE-ST67W61.pdsc
2026-04-23 13:42:25,787 [ERROR] LogOutputStream:75 - [STDERR_REDIRECT] [Fatal Error] :1:1: Premature end of file.
2026-04-23 13:42:25,788 [ERROR] LogOutputStream:75 - [STDERR_REDIRECT] 
2026-04-23 13:42:26,705 [WARN] PackLoader:240 - Cannot read IP mode file for STMicroelectronics.FP-SNS-STAIOTCFT.1.1.0
2026-04-23 13:42:26,712 [ERROR] LogOutputStream:75 - [STDERR_REDIRECT] [Fatal Error] :1:1: Premature end of file.
2026-04-23 13:42:26,714 [ERROR] LogOutputStream:75 - [STDERR_REDIRECT] 
2026-04-23 13:42:26,718 [WARN] PopulateThirdPartyThread:106 - Error when creating pack: C:/Users/Mujaid/.stm32cubemx/thirdparties/pdsc/STMicroelectronics.X-CUBE-ST67W61.pdsc
2026-04-23 13:42:26,718 [INFO] PopulateThirdPartyThread:66 - Ending populate Thread
2026-04-23 13:42:26,719 [INFO] ThirdParty:1030 - CMSIS Pack Vendor :STMicroelectronics FP-SNS-STAIOTCFT 1.1.0
2026-04-23 13:42:26,719 [INFO] LoadServerUpdatesThread:375 - End of LoadServerUpdate Thread
2026-04-23 13:42:26,788 [INFO] CheckServerUpdateThread:120 - End of CheckServer Thread
2026-04-23 13:42:27,743 [ERROR] LogOutputStream:75 - [STDERR_REDIRECT] [Fatal Error] :1:1: Premature end of file.
2026-04-23 13:42:27,744 [ERROR] LogOutputStream:75 - [STDERR_REDIRECT] 
2026-04-23 13:42:28,764 [ERROR] LogOutputStream:75 - [STDERR_REDIRECT] [Fatal Error] :1:1: Premature end of file.
2026-04-23 13:42:28,765 [ERROR] LogOutputStream:75 - [STDERR_REDIRECT] 
2026-04-23 13:42:29,740 [ERROR] LogOutputStream:75 - [STDERR_REDIRECT] [Fatal Error] :1:1: Premature end of file.
2026-04-23 13:42:29,740 [ERROR] LogOutputStream:75 - [STDERR_REDIRECT] 
2026-04-23 13:42:30,717 [ERROR] LogOutputStream:75 - [STDERR_REDIRECT] [Fatal Error] :1:1: Premature end of file.
2026-04-23 13:42:30,718 [ERROR] LogOutputStream:75 - [STDERR_REDIRECT] 
2026-04-23 13:42:31,715 [ERROR] LogOutputStream:75 - [STDERR_REDIRECT] [Fatal Error] :1:1: Premature end of file.
2026-04-23 13:42:31,715 [ERROR] LogOutputStream:75 - [STDERR_REDIRECT] 
2026-04-23 13:42:32,750 [ERROR] LogOutputStream:75 - [STDERR_REDIRECT] [Fatal Error] :1:1: Premature end of file.
2026-04-23 13:42:32,750 [ERROR] LogOutputStream:75 - [STDERR_REDIRECT] 
2026-04-23 13:42:33,748 [ERROR] LogOutputStream:75 - [STDERR_REDIRECT] [Fatal Error] :1:1: Premature end of file.
2026-04-23 13:42:33,749 [ERROR] LogOutputStream:75 - [STDERR_REDIRECT] 
2026-04-23 13:42:34,722 [ERROR] LogOutputStream:75 - [STDERR_REDIRECT] [Fatal Error] :1:1: Premature end of file.
2026-04-23 13:42:34,722 [ERROR] LogOutputStream:75 - [STDERR_REDIRECT] 
2026-04-23 13:42:35,738 [ERROR] LogOutputStream:75 - [STDERR_REDIRECT] [Fatal Error] :1:1: Premature end of file.
2026-04-23 13:42:35,738 [ERROR] LogOutputStream:75 - [STDERR_REDIRECT] 
2026-04-23 13:42:36,722 [ERROR] LogOutputStream:75 - [STDERR_REDIRECT] [Fatal Error] :1:1: Premature end of file.
2026-04-23 13:42:36,723 [ERROR] LogOutputStream:75 - [STDERR_REDIRECT] 
2026-04-23 13:42:37,714 [ERROR] LogOutputStream:75 - [STDERR_REDIRECT] [Fatal Error] :1:1: Premature end of file.
2026-04-23 13:42:37,715 [ERROR] LogOutputStream:75 - [STDERR_REDIRECT] 
2026-04-23 13:42:38,730 [ERROR] LogOutputStream:75 - [STDERR_REDIRECT] [Fatal Error] :1:1: Premature end of file.
2026-04-23 13:42:38,731 [ERROR] LogOutputStream:75 - [STDERR_REDIRECT] 
2026-04-23 13:42:39,724 [ERROR] LogOutputStream:75 - [STDERR_REDIRECT] [Fatal Error] :1:1: Premature end of file.
2026-04-23 13:42:39,725 [ERROR] LogOutputStream:75 - [STDERR_REDIRECT] 
2026-04-23 13:42:40,723 [ERROR] LogOutputStream:75 - [STDERR_REDIRECT] [Fatal Error] :1:1: Premature end of file.
2026-04-23 13:42:40,724 [ERROR] LogOutputStream:75 - [STDERR_REDIRECT] 
2026-04-23 13:42:41,728 [ERROR] LogOutputStream:75 - [STDERR_REDIRECT] [Fatal Error] :1:1: Premature end of file.
2026-04-23 13:42:41,728 [ERROR] LogOutputStream:75 - [STDERR_REDIRECT] 
2026-04-23 13:42:42,729 [ERROR] LogOutputStream:75 - [STDERR_REDIRECT] [Fatal Error] :1:1: Premature end of file.
2026-04-23 13:42:42,730 [ERROR] LogOutputStream:75 - [STDERR_REDIRECT] 
2026-04-23 13:42:43,728 [ERROR] LogOutputStream:75 - [STDERR_REDIRECT] [Fatal Error] :1:1: Premature end of file.
2026-04-23 13:42:43,728 [ERROR] LogOutputStream:75 - [STDERR_REDIRECT] 
2026-04-23 13:42:44,716 [ERROR] LogOutputStream:75 - [STDERR_REDIRECT] [Fatal Error] :1:1: Premature end of file.
2026-04-23 13:42:44,716 [ERROR] LogOutputStream:75 - [STDERR_REDIRECT] 
2026-04-23 13:42:45,714 [ERROR] LogOutputStream:75 - [STDERR_REDIRECT] [Fatal Error] :1:1: Premature end of file.
2026-04-23 13:42:45,714 [ERROR] LogOutputStream:75 - [STDERR_REDIRECT] 
2026-04-23 13:42:46,732 [ERROR] LogOutputStream:75 - [STDERR_REDIRECT] [Fatal Error] :1:1: Premature end of file.
2026-04-23 13:42:46,733 [ERROR] LogOutputStream:75 - [STDERR_REDIRECT] 
2026-04-23 13:42:47,720 [ERROR] LogOutputStream:75 - [STDERR_REDIRECT] [Fatal Error] :1:1: Premature end of file.
2026-04-23 13:42:47,721 [ERROR] LogOutputStream:75 - [STDERR_REDIRECT] 
2026-04-23 13:42:48,708 [ERROR] LogOutputStream:75 - [STDERR_REDIRECT] [Fatal Error] :1:1: Premature end of file.
2026-04-23 13:42:48,708 [ERROR] LogOutputStream:75 - [STDERR_REDIRECT] 
2026-04-23 13:42:49,735 [ERROR] LogOutputStream:75 - [STDERR_REDIRECT] [Fatal Error] :1:1: Premature end of file.
2026-04-23 13:42:49,735 [ERROR] LogOutputStream:75 - [STDERR_REDIRECT] 
2026-04-23 13:42:50,717 [ERROR] LogOutputStream:75 - [STDERR_REDIRECT] [Fatal Error] :1:1: Premature end of file.
2026-04-23 13:42:50,717 [ERROR] LogOutputStream:75 - [STDERR_REDIRECT] 
2026-04-23 13:42:51,755 [ERROR] LogOutputStream:75 - [STDERR_REDIRECT] [Fatal Error] :1:1: Premature end of file.
2026-04-23 13:42:51,756 [ERROR] LogOutputStream:75 - [STDERR_REDIRECT] 
2026-04-23 13:42:52,745 [ERROR] LogOutputStream:75 - [STDERR_REDIRECT] [Fatal Error] :1:1: Premature end of file.
2026-04-23 13:42:52,746 [ERROR] LogOutputStream:75 - [STDERR_REDIRECT] 
2026-04-23 13:42:53,730 [ERROR] LogOutputStream:75 - [STDERR_REDIRECT] [Fatal Error] :1:1: Premature end of file.
2026-04-23 13:42:53,730 [ERROR] LogOutputStream:75 - [STDERR_REDIRECT] 
2026-04-23 13:42:54,762 [ERROR] LogOutputStream:75 - [STDERR_REDIRECT] [Fatal Error] :1:1: Premature end of file.
2026-04-23 13:42:54,763 [ERROR] LogOutputStream:75 - [STDERR_REDIRECT] 
2026-04-23 13:42:55,771 [ERROR] LogOutputStream:75 - [STDERR_REDIRECT] [Fatal Error] :1:1: Premature end of file.
2026-04-23 13:42:55,772 [ERROR] LogOutputStream:75 - [STDERR_REDIRECT] 
2026-04-23 13:42:56,758 [ERROR] LogOutputStream:75 - [STDERR_REDIRECT] [Fatal Error] :1:1: Premature end of file.
2026-04-23 13:42:56,758 [ERROR] LogOutputStream:75 - [STDERR_REDIRECT] 
2026-04-23 13:42:57,732 [ERROR] LogOutputStream:75 - [STDERR_REDIRECT] [Fatal Error] :1:1: Premature end of file.
2026-04-23 13:42:57,733 [ERROR] LogOutputStream:75 - [STDERR_REDIRECT] 
2026-04-23 13:42:58,760 [ERROR] LogOutputStream:75 - [STDERR_REDIRECT] [Fatal Error] :1:1: Premature end of file.
2026-04-23 13:42:58,762 [ERROR] LogOutputStream:75 - [STDERR_REDIRECT] 
2026-04-23 13:42:59,763 [ERROR] LogOutputStream:75 - [STDERR_REDIRECT] [Fatal Error] :1:1: Premature end of file.
2026-04-23 13:42:59,764 [ERROR] LogOutputStream:75 - [STDERR_REDIRECT] 
2026-04-23 13:43:00,762 [ERROR] LogOutputStream:75 - [STDERR_REDIRECT] [Fatal Error] :1:1: Premature end of file.
2026-04-23 13:43:00,763 [ERROR] LogOutputStream:75 - [STDERR_REDIRECT] 
2026-04-23 13:43:01,722 [ERROR] LogOutputStream:75 - [STDERR_REDIRECT] [Fatal Error] :1:1: Premature end of file.
2026-04-23 13:43:01,723 [ERROR] LogOutputStream:75 - [STDERR_REDIRECT] 
2026-04-23 13:43:02,737 [ERROR] LogOutputStream:75 - [STDERR_REDIRECT] [Fatal Error] :1:1: Premature end of file.
2026-04-23 13:43:02,738 [ERROR] LogOutputStream:75 - [STDERR_REDIRECT] 
2026-04-23 13:43:03,749 [ERROR] LogOutputStream:75 - [STDERR_REDIRECT] [Fatal Error] :1:1: Premature end of file.
2026-04-23 13:43:03,750 [ERROR] LogOutputStream:75 - [STDERR_REDIRECT] 
2026-04-23 13:43:04,745 [ERROR] LogOutputStream:75 - [STDERR_REDIRECT] [Fatal Error] :1:1: Premature end of file.
2026-04-23 13:43:04,746 [ERROR] LogOutputStream:75 - [STDERR_REDIRECT] 
2026-04-23 13:43:05,743 [ERROR] LogOutputStream:75 - [STDERR_REDIRECT] [Fatal Error] :1:1: Premature end of file.
2026-04-23 13:43:05,744 [ERROR] LogOutputStream:75 - [STDERR_REDIRECT] 
2026-04-23 13:43:06,743 [ERROR] LogOutputStream:75 - [STDERR_REDIRECT] [Fatal Error] :1:1: Premature end of file.
2026-04-23 13:43:06,745 [ERROR] LogOutputStream:75 - [STDERR_REDIRECT] 
2026-04-23 13:43:07,750 [ERROR] LogOutputStream:75 - [STDERR_REDIRECT] [Fatal Error] :1:1: Premature end of file.
2026-04-23 13:43:07,750 [ERROR] LogOutputStream:75 - [STDERR_REDIRECT] 
2026-04-23 13:43:08,750 [ERROR] LogOutputStream:75 - [STDERR_REDIRECT] [Fatal Error] :1:1: Premature end of file.
2026-04-23 13:43:08,751 [ERROR] LogOutputStream:75 - [STDERR_REDIRECT] 
2026-04-23 13:43:09,757 [ERROR] LogOutputStream:75 - [STDERR_REDIRECT] [Fatal Error] :1:1: Premature end of file.
2026-04-23 13:43:09,757 [ERROR] LogOutputStream:75 - [STDERR_REDIRECT] 
2026-04-23 13:43:10,757 [ERROR] LogOutputStream:75 - [STDERR_REDIRECT] [Fatal Error] :1:1: Premature end of file.
2026-04-23 13:43:10,757 [ERROR] LogOutputStream:75 - [STDERR_REDIRECT] 
2026-04-23 13:43:11,756 [ERROR] LogOutputStream:75 - [STDERR_REDIRECT] [Fatal Error] :1:1: Premature end of file.
2026-04-23 13:43:11,757 [ERROR] LogOutputStream:75 - [STDERR_REDIRECT] 
2026-04-23 13:43:12,735 [ERROR] LogOutputStream:75 - [STDERR_REDIRECT] [Fatal Error] :1:1: Premature end of file.
2026-04-23 13:43:12,736 [ERROR] LogOutputStream:75 - [STDERR_REDIRECT] 
2026-04-23 13:43:13,755 [ERROR] LogOutputStream:75 - [STDERR_REDIRECT] [Fatal Error] :1:1: Premature end of file.
2026-04-23 13:43:13,757 [ERROR] LogOutputStream:75 - [STDERR_REDIRECT] 
2026-04-23 13:43:14,771 [ERROR] LogOutputStream:75 - [STDERR_REDIRECT] [Fatal Error] :1:1: Premature end of file.
2026-04-23 13:43:14,772 [ERROR] LogOutputStream:75 - [STDERR_REDIRECT] 
2026-04-23 13:43:15,742 [ERROR] LogOutputStream:75 - [STDERR_REDIRECT] [Fatal Error] :1:1: Premature end of file.
2026-04-23 13:43:15,743 [ERROR] LogOutputStream:75 - [STDERR_REDIRECT] 
2026-04-23 13:43:16,741 [ERROR] LogOutputStream:75 - [STDERR_REDIRECT] [Fatal Error] :1:1: Premature end of file.
2026-04-23 13:43:16,742 [ERROR] LogOutputStream:75 - [STDERR_REDIRECT] 
2026-04-23 13:43:17,753 [ERROR] LogOutputStream:75 - [STDERR_REDIRECT] [Fatal Error] :1:1: Premature end of file.
2026-04-23 13:43:17,754 [ERROR] LogOutputStream:75 - [STDERR_REDIRECT] 
2026-04-23 13:43:18,756 [ERROR] LogOutputStream:75 - [STDERR_REDIRECT] [Fatal Error] :1:1: Premature end of file.
2026-04-23 13:43:18,756 [ERROR] LogOutputStream:75 - [STDERR_REDIRECT] 
2026-04-23 13:43:19,746 [ERROR] LogOutputStream:75 - [STDERR_REDIRECT] [Fatal Error] :1:1: Premature end of file.
2026-04-23 13:43:19,747 [ERROR] LogOutputStream:75 - [STDERR_REDIRECT] 
2026-04-23 13:43:20,738 [ERROR] LogOutputStream:75 - [STDERR_REDIRECT] [Fatal Error] :1:1: Premature end of file.
2026-04-23 13:43:20,739 [ERROR] LogOutputStream:75 - [STDERR_REDIRECT] 
2026-04-23 13:43:21,739 [ERROR] LogOutputStream:75 - [STDERR_REDIRECT] [Fatal Error] :1:1: Premature end of file.
2026-04-23 13:43:21,740 [ERROR] LogOutputStream:75 - [STDERR_REDIRECT] 
2026-04-23 13:43:22,730 [ERROR] LogOutputStream:75 - [STDERR_REDIRECT] [Fatal Error] :1:1: Premature end of file.
2026-04-23 13:43:22,731 [ERROR] LogOutputStream:75 - [STDERR_REDIRECT] 
2026-04-23 13:43:23,737 [ERROR] LogOutputStream:75 - [STDERR_REDIRECT] [Fatal Error] :1:1: Premature end of file.
2026-04-23 13:43:23,739 [ERROR] LogOutputStream:75 - [STDERR_REDIRECT] 
2026-04-23 13:43:24,794 [ERROR] LogOutputStream:75 - [STDERR_REDIRECT] [Fatal Error] :1:1: Premature end of file.
2026-04-23 13:43:24,795 [ERROR] LogOutputStream:75 - [STDERR_REDIRECT] 
2026-04-23 13:43:25,739 [ERROR] LogOutputStream:75 - [STDERR_REDIRECT] [Fatal Error] :1:1: Premature end of file.
2026-04-23 13:43:25,740 [ERROR] LogOutputStream:75 - [STDERR_REDIRECT] 
2026-04-23 13:43:26,756 [ERROR] LogOutputStream:75 - [STDERR_REDIRECT] [Fatal Error] :1:1: Premature end of file.
2026-04-23 13:43:26,757 [ERROR] LogOutputStream:75 - [STDERR_REDIRECT] 
2026-04-23 13:43:27,747 [ERROR] LogOutputStream:75 - [STDERR_REDIRECT] [Fatal Error] :1:1: Premature end of file.
2026-04-23 13:43:27,748 [ERROR] LogOutputStream:75 - [STDERR_REDIRECT] 
2026-04-23 13:43:28,748 [ERROR] LogOutputStream:75 - [STDERR_REDIRECT] [Fatal Error] :1:1: Premature end of file.
2026-04-23 13:43:28,749 [ERROR] LogOutputStream:75 - [STDERR_REDIRECT] 
2026-04-23 13:43:29,748 [ERROR] LogOutputStream:75 - [STDERR_REDIRECT] [Fatal Error] :1:1: Premature end of file.
2026-04-23 13:43:29,750 [ERROR] LogOutputStream:75 - [STDERR_REDIRECT] 
2026-04-23 13:43:30,745 [ERROR] LogOutputStream:75 - [STDERR_REDIRECT] [Fatal Error] :1:1: Premature end of file.
2026-04-23 13:43:30,746 [ERROR] LogOutputStream:75 - [STDERR_REDIRECT] 
2026-04-23 13:43:31,751 [ERROR] LogOutputStream:75 - [STDERR_REDIRECT] [Fatal Error] :1:1: Premature end of file.
2026-04-23 13:43:31,752 [ERROR] LogOutputStream:75 - [STDERR_REDIRECT] 
2026-04-23 13:43:32,741 [ERROR] LogOutputStream:75 - [STDERR_REDIRECT] [Fatal Error] :1:1: Premature end of file.
2026-04-23 13:43:32,743 [ERROR] LogOutputStream:75 - [STDERR_REDIRECT] 
2026-04-23 13:43:33,745 [ERROR] LogOutputStream:75 - [STDERR_REDIRECT] [Fatal Error] :1:1: Premature end of file.
2026-04-23 13:43:33,746 [ERROR] LogOutputStream:75 - [STDERR_REDIRECT] 
2026-04-23 13:43:34,751 [ERROR] LogOutputStream:75 - [STDERR_REDIRECT] [Fatal Error] :1:1: Premature end of file.
2026-04-23 13:43:34,752 [ERROR] LogOutputStream:75 - [STDERR_REDIRECT] 
2026-04-23 13:43:35,757 [ERROR] LogOutputStream:75 - [STDERR_REDIRECT] [Fatal Error] :1:1: Premature end of file.
2026-04-23 13:43:35,758 [ERROR] LogOutputStream:75 - [STDERR_REDIRECT] 
2026-04-23 13:43:36,744 [ERROR] LogOutputStream:75 - [STDERR_REDIRECT] [Fatal Error] :1:1: Premature end of file.
2026-04-23 13:43:36,744 [ERROR] LogOutputStream:75 - [STDERR_REDIRECT] 
2026-04-23 13:43:37,746 [ERROR] LogOutputStream:75 - [STDERR_REDIRECT] [Fatal Error] :1:1: Premature end of file.
2026-04-23 13:43:37,748 [ERROR] LogOutputStream:75 - [STDERR_REDIRECT] 
2026-04-23 13:43:38,762 [ERROR] LogOutputStream:75 - [STDERR_REDIRECT] [Fatal Error] :1:1: Premature end of file.
2026-04-23 13:43:38,763 [ERROR] LogOutputStream:75 - [STDERR_REDIRECT] 
2026-04-23 13:43:39,749 [ERROR] LogOutputStream:75 - [STDERR_REDIRECT] [Fatal Error] :1:1: Premature end of file.
2026-04-23 13:43:39,749 [ERROR] LogOutputStream:75 - [STDERR_REDIRECT] 
2026-04-23 13:43:40,767 [ERROR] LogOutputStream:75 - [STDERR_REDIRECT] [Fatal Error] :1:1: Premature end of file.
2026-04-23 13:43:40,768 [ERROR] LogOutputStream:75 - [STDERR_REDIRECT] 
2026-04-23 13:43:41,732 [ERROR] LogOutputStream:75 - [STDERR_REDIRECT] [Fatal Error] :1:1: Premature end of file.
2026-04-23 13:43:41,733 [ERROR] LogOutputStream:75 - [STDERR_REDIRECT] 
2026-04-23 13:43:42,729 [ERROR] LogOutputStream:75 - [STDERR_REDIRECT] [Fatal Error] :1:1: Premature end of file.
2026-04-23 13:43:42,729 [ERROR] LogOutputStream:75 - [STDERR_REDIRECT] 
2026-04-23 13:43:43,712 [ERROR] LogOutputStream:75 - [STDERR_REDIRECT] [Fatal Error] :1:1: Premature end of file.
2026-04-23 13:43:43,713 [ERROR] LogOutputStream:75 - [STDERR_REDIRECT] 
2026-04-23 13:43:44,713 [ERROR] LogOutputStream:75 - [STDERR_REDIRECT] [Fatal Error] :1:1: Premature end of file.
2026-04-23 13:43:44,713 [ERROR] LogOutputStream:75 - [STDERR_REDIRECT] 
2026-04-23 13:43:45,718 [ERROR] LogOutputStream:75 - [STDERR_REDIRECT] [Fatal Error] :1:1: Premature end of file.
2026-04-23 13:43:45,719 [ERROR] LogOutputStream:75 - [STDERR_REDIRECT] 
2026-04-23 13:43:46,743 [ERROR] LogOutputStream:75 - [STDERR_REDIRECT] [Fatal Error] :1:1: Premature end of file.
2026-04-23 13:43:46,743 [ERROR] LogOutputStream:75 - [STDERR_REDIRECT] 
2026-04-23 13:43:47,741 [ERROR] LogOutputStream:75 - [STDERR_REDIRECT] [Fatal Error] :1:1: Premature end of file.
2026-04-23 13:43:47,743 [ERROR] LogOutputStream:75 - [STDERR_REDIRECT] 
2026-04-23 13:43:48,741 [ERROR] LogOutputStream:75 - [STDERR_REDIRECT] [Fatal Error] :1:1: Premature end of file.
2026-04-23 13:43:48,741 [ERROR] LogOutputStream:75 - [STDERR_REDIRECT] 
2026-04-23 13:43:49,739 [ERROR] LogOutputStream:75 - [STDERR_REDIRECT] [Fatal Error] :1:1: Premature end of file.
2026-04-23 13:43:49,740 [ERROR] LogOutputStream:75 - [STDERR_REDIRECT] 
2026-04-23 13:43:50,724 [ERROR] LogOutputStream:75 - [STDERR_REDIRECT] [Fatal Error] :1:1: Premature end of file.
2026-04-23 13:43:50,725 [ERROR] LogOutputStream:75 - [STDERR_REDIRECT] 
2026-04-23 13:43:51,731 [ERROR] LogOutputStream:75 - [STDERR_REDIRECT] [Fatal Error] :1:1: Premature end of file.
2026-04-23 13:43:51,732 [ERROR] LogOutputStream:75 - [STDERR_REDIRECT] 
2026-04-23 13:43:52,808 [ERROR] LogOutputStream:75 - [STDERR_REDIRECT] [Fatal Error] :1:1: Premature end of file.
2026-04-23 13:43:52,811 [ERROR] LogOutputStream:75 - [STDERR_REDIRECT] 
2026-04-23 13:43:53,748 [ERROR] LogOutputStream:75 - [STDERR_REDIRECT] [Fatal Error] :1:1: Premature end of file.
2026-04-23 13:43:53,748 [ERROR] LogOutputStream:75 - [STDERR_REDIRECT] 
2026-04-23 13:43:54,733 [ERROR] LogOutputStream:75 - [STDERR_REDIRECT] [Fatal Error] :1:1: Premature end of file.
2026-04-23 13:43:54,734 [ERROR] LogOutputStream:75 - [STDERR_REDIRECT] 
2026-04-23 13:43:55,748 [ERROR] LogOutputStream:75 - [STDERR_REDIRECT] [Fatal Error] :1:1: Premature end of file.
2026-04-23 13:43:55,749 [ERROR] LogOutputStream:75 - [STDERR_REDIRECT] 
2026-04-23 13:43:56,729 [ERROR] LogOutputStream:75 - [STDERR_REDIRECT] [Fatal Error] :1:1: Premature end of file.
2026-04-23 13:43:56,729 [ERROR] LogOutputStream:75 - [STDERR_REDIRECT] 
2026-04-23 13:43:57,721 [ERROR] LogOutputStream:75 - [STDERR_REDIRECT] [Fatal Error] :1:1: Premature end of file.
2026-04-23 13:43:57,722 [ERROR] LogOutputStream:75 - [STDERR_REDIRECT] 
2026-04-23 13:43:58,724 [ERROR] LogOutputStream:75 - [STDERR_REDIRECT] [Fatal Error] :1:1: Premature end of file.
2026-04-23 13:43:58,725 [ERROR] LogOutputStream:75 - [STDERR_REDIRECT] 
2026-04-23 13:43:59,742 [ERROR] LogOutputStream:75 - [STDERR_REDIRECT] [Fatal Error] :1:1: Premature end of file.
2026-04-23 13:43:59,742 [ERROR] LogOutputStream:75 - [STDERR_REDIRECT] 
2026-04-23 13:44:00,728 [ERROR] LogOutputStream:75 - [STDERR_REDIRECT] [Fatal Error] :1:1: Premature end of file.
2026-04-23 13:44:00,728 [ERROR] LogOutputStream:75 - [STDERR_REDIRECT] 
2026-04-23 13:44:01,705 [ERROR] LogOutputStream:75 - [STDERR_REDIRECT] [Fatal Error] :1:1: Premature end of file.
2026-04-23 13:44:01,706 [ERROR] LogOutputStream:75 - [STDERR_REDIRECT] 
2026-04-23 13:44:02,718 [ERROR] LogOutputStream:75 - [STDERR_REDIRECT] [Fatal Error] :1:1: Premature end of file.
2026-04-23 13:44:02,718 [ERROR] LogOutputStream:75 - [STDERR_REDIRECT] 
2026-04-23 13:44:03,741 [ERROR] LogOutputStream:75 - [STDERR_REDIRECT] [Fatal Error] :1:1: Premature end of file.
2026-04-23 13:44:03,742 [ERROR] LogOutputStream:75 - [STDERR_REDIRECT] 
2026-04-23 13:44:04,737 [ERROR] LogOutputStream:75 - [STDERR_REDIRECT] [Fatal Error] :1:1: Premature end of file.
2026-04-23 13:44:04,738 [ERROR] LogOutputStream:75 - [STDERR_REDIRECT] 
2026-04-23 13:44:05,733 [ERROR] LogOutputStream:75 - [STDERR_REDIRECT] [Fatal Error] :1:1: Premature end of file.
2026-04-23 13:44:05,733 [ERROR] LogOutputStream:75 - [STDERR_REDIRECT] 
2026-04-23 13:44:06,730 [ERROR] LogOutputStream:75 - [STDERR_REDIRECT] [Fatal Error] :1:1: Premature end of file.
2026-04-23 13:44:06,730 [ERROR] LogOutputStream:75 - [STDERR_REDIRECT] 
2026-04-23 13:44:07,742 [ERROR] LogOutputStream:75 - [STDERR_REDIRECT] [Fatal Error] :1:1: Premature end of file.
2026-04-23 13:44:07,742 [ERROR] LogOutputStream:75 - [STDERR_REDIRECT] 
2026-04-23 13:44:08,712 [ERROR] LogOutputStream:75 - [STDERR_REDIRECT] [Fatal Error] :1:1: Premature end of file.
2026-04-23 13:44:08,713 [ERROR] LogOutputStream:75 - [STDERR_REDIRECT] 
2026-04-23 13:44:09,727 [ERROR] LogOutputStream:75 - [STDERR_REDIRECT] [Fatal Error] :1:1: Premature end of file.
2026-04-23 13:44:09,727 [ERROR] LogOutputStream:75 - [STDERR_REDIRECT] 
2026-04-23 13:44:10,760 [ERROR] LogOutputStream:75 - [STDERR_REDIRECT] [Fatal Error] :1:1: Premature end of file.
2026-04-23 13:44:10,760 [ERROR] LogOutputStream:75 - [STDERR_REDIRECT] 
2026-04-23 13:44:11,723 [ERROR] LogOutputStream:75 - [STDERR_REDIRECT] [Fatal Error] :1:1: Premature end of file.
2026-04-23 13:44:11,724 [ERROR] LogOutputStream:75 - [STDERR_REDIRECT] 
2026-04-23 13:44:12,772 [ERROR] LogOutputStream:75 - [STDERR_REDIRECT] [Fatal Error] :1:1: Premature end of file.
2026-04-23 13:44:12,773 [ERROR] LogOutputStream:75 - [STDERR_REDIRECT] 
2026-04-23 13:44:13,762 [ERROR] LogOutputStream:75 - [STDERR_REDIRECT] [Fatal Error] :1:1: Premature end of file.
2026-04-23 13:44:13,762 [ERROR] LogOutputStream:75 - [STDERR_REDIRECT] 
2026-04-23 13:44:14,744 [ERROR] LogOutputStream:75 - [STDERR_REDIRECT] [Fatal Error] :1:1: Premature end of file.
2026-04-23 13:44:14,744 [ERROR] LogOutputStream:75 - [STDERR_REDIRECT] 
2026-04-23 13:44:15,752 [ERROR] LogOutputStream:75 - [STDERR_REDIRECT] [Fatal Error] :1:1: Premature end of file.
2026-04-23 13:44:15,753 [ERROR] LogOutputStream:75 - [STDERR_REDIRECT] 
2026-04-23 13:44:16,746 [ERROR] LogOutputStream:75 - [STDERR_REDIRECT] [Fatal Error] :1:1: Premature end of file.
2026-04-23 13:44:16,748 [ERROR] LogOutputStream:75 - [STDERR_REDIRECT] 
2026-04-23 13:44:17,741 [ERROR] LogOutputStream:75 - [STDERR_REDIRECT] [Fatal Error] :1:1: Premature end of file.
2026-04-23 13:44:17,742 [ERROR] LogOutputStream:75 - [STDERR_REDIRECT] 
2026-04-23 13:44:18,738 [ERROR] LogOutputStream:75 - [STDERR_REDIRECT] [Fatal Error] :1:1: Premature end of file.
2026-04-23 13:44:18,738 [ERROR] LogOutputStream:75 - [STDERR_REDIRECT] 
2026-04-23 13:44:19,796 [ERROR] LogOutputStream:75 - [STDERR_REDIRECT] [Fatal Error] :1:1: Premature end of file.
2026-04-23 13:44:19,798 [ERROR] LogOutputStream:75 - [STDERR_REDIRECT] 
2026-04-23 13:44:20,757 [ERROR] LogOutputStream:75 - [STDERR_REDIRECT] [Fatal Error] :1:1: Premature end of file.
2026-04-23 13:44:20,758 [ERROR] LogOutputStream:75 - [STDERR_REDIRECT] 
2026-04-23 13:44:21,767 [ERROR] LogOutputStream:75 - [STDERR_REDIRECT] [Fatal Error] :1:1: Premature end of file.
2026-04-23 13:44:21,769 [ERROR] LogOutputStream:75 - [STDERR_REDIRECT] 
2026-04-23 13:44:22,730 [ERROR] LogOutputStream:75 - [STDERR_REDIRECT] [Fatal Error] :1:1: Premature end of file.
2026-04-23 13:44:22,731 [ERROR] LogOutputStream:75 - [STDERR_REDIRECT] 
2026-04-23 13:44:23,717 [ERROR] LogOutputStream:75 - [STDERR_REDIRECT] [Fatal Error] :1:1: Premature end of file.
2026-04-23 13:44:23,717 [ERROR] LogOutputStream:75 - [STDERR_REDIRECT] 
2026-04-23 13:44:24,750 [ERROR] LogOutputStream:75 - [STDERR_REDIRECT] [Fatal Error] :1:1: Premature end of file.
2026-04-23 13:44:24,750 [ERROR] LogOutputStream:75 - [STDERR_REDIRECT] 
2026-04-23 13:44:25,732 [ERROR] LogOutputStream:75 - [STDERR_REDIRECT] [Fatal Error] :1:1: Premature end of file.
2026-04-23 13:44:25,733 [ERROR] LogOutputStream:75 - [STDERR_REDIRECT] 
2026-04-23 13:44:26,770 [ERROR] LogOutputStream:75 - [STDERR_REDIRECT] [Fatal Error] :1:1: Premature end of file.
2026-04-23 13:44:26,771 [ERROR] LogOutputStream:75 - [STDERR_REDIRECT] 
2026-04-23 13:44:27,753 [ERROR] LogOutputStream:75 - [STDERR_REDIRECT] [Fatal Error] :1:1: Premature end of file.
2026-04-23 13:44:27,753 [ERROR] LogOutputStream:75 - [STDERR_REDIRECT] 
2026-04-23 13:44:28,746 [ERROR] LogOutputStream:75 - [STDERR_REDIRECT] [Fatal Error] :1:1: Premature end of file.
2026-04-23 13:44:28,747 [ERROR] LogOutputStream:75 - [STDERR_REDIRECT] 
2026-04-23 13:44:29,748 [ERROR] LogOutputStream:75 - [STDERR_REDIRECT] [Fatal Error] :1:1: Premature end of file.
2026-04-23 13:44:29,749 [ERROR] LogOutputStream:75 - [STDERR_REDIRECT] 
2026-04-23 13:44:30,765 [ERROR] LogOutputStream:75 - [STDERR_REDIRECT] [Fatal Error] :1:1: Premature end of file.
2026-04-23 13:44:30,765 [ERROR] LogOutputStream:75 - [STDERR_REDIRECT] 
2026-04-23 13:44:31,795 [ERROR] LogOutputStream:75 - [STDERR_REDIRECT] [Fatal Error] :1:1: Premature end of file.
2026-04-23 13:44:31,797 [ERROR] LogOutputStream:75 - [STDERR_REDIRECT] 
2026-04-23 13:44:32,769 [ERROR] LogOutputStream:75 - [STDERR_REDIRECT] [Fatal Error] :1:1: Premature end of file.
2026-04-23 13:44:32,770 [ERROR] LogOutputStream:75 - [STDERR_REDIRECT] 
2026-04-23 13:44:33,726 [ERROR] LogOutputStream:75 - [STDERR_REDIRECT] [Fatal Error] :1:1: Premature end of file.
2026-04-23 13:44:33,726 [ERROR] LogOutputStream:75 - [STDERR_REDIRECT] 
2026-04-23 13:44:34,731 [ERROR] LogOutputStream:75 - [STDERR_REDIRECT] [Fatal Error] :1:1: Premature end of file.
2026-04-23 13:44:34,732 [ERROR] LogOutputStream:75 - [STDERR_REDIRECT] 
2026-04-23 13:44:35,783 [ERROR] LogOutputStream:75 - [STDERR_REDIRECT] [Fatal Error] :1:1: Premature end of file.
2026-04-23 13:44:35,784 [ERROR] LogOutputStream:75 - [STDERR_REDIRECT] 
2026-04-23 13:44:36,774 [ERROR] LogOutputStream:75 - [STDERR_REDIRECT] [Fatal Error] :1:1: Premature end of file.
2026-04-23 13:44:36,774 [ERROR] LogOutputStream:75 - [STDERR_REDIRECT] 
2026-04-23 13:44:37,720 [ERROR] LogOutputStream:75 - [STDERR_REDIRECT] [Fatal Error] :1:1: Premature end of file.
2026-04-23 13:44:37,721 [ERROR] LogOutputStream:75 - [STDERR_REDIRECT] 
2026-04-23 13:44:38,743 [ERROR] LogOutputStream:75 - [STDERR_REDIRECT] [Fatal Error] :1:1: Premature end of file.
2026-04-23 13:44:38,744 [ERROR] LogOutputStream:75 - [STDERR_REDIRECT] 
2026-04-23 13:44:39,751 [ERROR] LogOutputStream:75 - [STDERR_REDIRECT] [Fatal Error] :1:1: Premature end of file.
2026-04-23 13:44:39,751 [ERROR] LogOutputStream:75 - [STDERR_REDIRECT] 
2026-04-23 13:44:40,776 [ERROR] LogOutputStream:75 - [STDERR_REDIRECT] [Fatal Error] :1:1: Premature end of file.
2026-04-23 13:44:40,777 [ERROR] LogOutputStream:75 - [STDERR_REDIRECT] 
2026-04-23 13:44:41,779 [ERROR] LogOutputStream:75 - [STDERR_REDIRECT] [Fatal Error] :1:1: Premature end of file.
2026-04-23 13:44:41,779 [ERROR] LogOutputStream:75 - [STDERR_REDIRECT] 
2026-04-23 13:44:42,797 [ERROR] LogOutputStream:75 - [STDERR_REDIRECT] [Fatal Error] :1:1: Premature end of file.
2026-04-23 13:44:42,799 [ERROR] LogOutputStream:75 - [STDERR_REDIRECT] 
2026-04-23 13:44:43,763 [ERROR] LogOutputStream:75 - [STDERR_REDIRECT] [Fatal Error] :1:1: Premature end of file.
2026-04-23 13:44:43,763 [ERROR] LogOutputStream:75 - [STDERR_REDIRECT] 
2026-04-23 13:44:44,764 [ERROR] LogOutputStream:75 - [STDERR_REDIRECT] [Fatal Error] :1:1: Premature end of file.
2026-04-23 13:44:44,765 [ERROR] LogOutputStream:75 - [STDERR_REDIRECT] 
2026-04-23 13:44:47,288 [ERROR] LogOutputStream:75 - [STDERR_REDIRECT] [Fatal Error] :1:1: Premature end of file.
2026-04-23 13:44:47,288 [ERROR] LogOutputStream:75 - [STDERR_REDIRECT] 
2026-04-23 13:44:49,299 [ERROR] LogOutputStream:75 - [STDERR_REDIRECT] [Fatal Error] :1:1: Premature end of file.
2026-04-23 13:44:49,300 [ERROR] LogOutputStream:75 - [STDERR_REDIRECT] 
2026-04-23 13:44:51,537 [ERROR] LogOutputStream:75 - [STDERR_REDIRECT] [Fatal Error] :1:1: Premature end of file.
2026-04-23 13:44:51,539 [ERROR] LogOutputStream:75 - [STDERR_REDIRECT] 
2026-04-23 13:44:51,955 [ERROR] LogOutputStream:75 - [STDERR_REDIRECT] [Fatal Error] :1:1: Premature end of file.
2026-04-23 13:44:51,955 [ERROR] LogOutputStream:75 - [STDERR_REDIRECT] 
2026-04-23 13:44:51,993 [ERROR] LogOutputStream:75 - [STDERR_REDIRECT] [Fatal Error] :1:1: Premature end of file.
2026-04-23 13:44:51,994 [ERROR] LogOutputStream:75 - [STDERR_REDIRECT] 
2026-04-23 13:44:52,681 [ERROR] LogOutputStream:75 - [STDERR_REDIRECT] [Fatal Error] :1:1: Premature end of file.
2026-04-23 13:44:52,864 [ERROR] LogOutputStream:75 - [STDERR_REDIRECT] 
2026-04-23 13:44:53,489 [ERROR] LogOutputStream:75 - [STDERR_REDIRECT] [Fatal Error] :1:1: Premature end of file.
2026-04-23 13:44:53,490 [ERROR] LogOutputStream:75 - [STDERR_REDIRECT] 
2026-04-23 13:44:53,525 [ERROR] LogOutputStream:75 - [STDERR_REDIRECT] [Fatal Error] :1:1: Premature end of file.
2026-04-23 13:44:53,525 [ERROR] LogOutputStream:75 - [STDERR_REDIRECT] 
2026-04-23 13:44:54,286 [ERROR] LogOutputStream:75 - [STDERR_REDIRECT] [Fatal Error] :1:1: Premature end of file.
2026-04-23 13:44:54,345 [ERROR] LogOutputStream:75 - [STDERR_REDIRECT] 
2026-04-23 13:44:55,281 [ERROR] LogOutputStream:75 - [STDERR_REDIRECT] [Fatal Error] :1:1: Premature end of file.
2026-04-23 13:44:55,282 [ERROR] LogOutputStream:75 - [STDERR_REDIRECT] 
2026-04-23 13:44:55,753 [ERROR] LogOutputStream:75 - [STDERR_REDIRECT] [Fatal Error] :1:1: Premature end of file.
2026-04-23 13:44:55,753 [ERROR] LogOutputStream:75 - [STDERR_REDIRECT] 
2026-04-23 13:44:56,749 [ERROR] LogOutputStream:75 - [STDERR_REDIRECT] [Fatal Error] :1:1: Premature end of file.
2026-04-23 13:44:56,750 [ERROR] LogOutputStream:75 - [STDERR_REDIRECT] 
2026-04-23 13:44:58,101 [ERROR] LogOutputStream:75 - [STDERR_REDIRECT] [Fatal Error] :1:1: Premature end of file.
2026-04-23 13:44:58,102 [ERROR] LogOutputStream:75 - [STDERR_REDIRECT] 
2026-04-23 13:44:58,764 [ERROR] LogOutputStream:75 - [STDERR_REDIRECT] [Fatal Error] :1:1: Premature end of file.
2026-04-23 13:44:58,765 [ERROR] LogOutputStream:75 - [STDERR_REDIRECT] 
2026-04-23 13:45:03,000 [ERROR] LogOutputStream:75 - [STDERR_REDIRECT] [Fatal Error] :1:1: Premature end of file.
2026-04-23 13:45:03,002 [ERROR] LogOutputStream:75 - [STDERR_REDIRECT] 
2026-04-23 13:45:03,093 [ERROR] LogOutputStream:75 - [STDERR_REDIRECT] [Fatal Error] :1:1: Premature end of file.
2026-04-23 13:45:03,094 [ERROR] LogOutputStream:75 - [STDERR_REDIRECT] 
2026-04-23 13:45:03,135 [ERROR] LogOutputStream:75 - [STDERR_REDIRECT] [Fatal Error] :1:1: Premature end of file.
2026-04-23 13:45:03,135 [ERROR] LogOutputStream:75 - [STDERR_REDIRECT] 
2026-04-23 13:45:03,435 [ERROR] LogOutputStream:75 - [STDERR_REDIRECT] [Fatal Error] :1:1: Premature end of file.
2026-04-23 13:45:03,435 [ERROR] LogOutputStream:75 - [STDERR_REDIRECT] 
2026-04-23 13:45:03,791 [ERROR] LogOutputStream:75 - [STDERR_REDIRECT] [Fatal Error] :1:1: Premature end of file.
2026-04-23 13:45:03,792 [ERROR] LogOutputStream:75 - [STDERR_REDIRECT] 
2026-04-23 13:45:04,763 [ERROR] LogOutputStream:75 - [STDERR_REDIRECT] [Fatal Error] :1:1: Premature end of file.
2026-04-23 13:45:04,764 [ERROR] LogOutputStream:75 - [STDERR_REDIRECT] 
2026-04-23 13:45:05,732 [ERROR] LogOutputStream:75 - [STDERR_REDIRECT] [Fatal Error] :1:1: Premature end of file.
2026-04-23 13:45:05,732 [ERROR] LogOutputStream:75 - [STDERR_REDIRECT] 
2026-04-23 13:45:06,905 [ERROR] LogOutputStream:75 - [STDERR_REDIRECT] [Fatal Error] :1:1: Premature end of file.
2026-04-23 13:45:06,905 [ERROR] LogOutputStream:75 - [STDERR_REDIRECT] 
2026-04-23 13:45:07,733 [ERROR] LogOutputStream:75 - [STDERR_REDIRECT] [Fatal Error] :1:1: Premature end of file.
2026-04-23 13:45:07,735 [ERROR] LogOutputStream:75 - [STDERR_REDIRECT] 
2026-04-23 13:45:08,802 [ERROR] LogOutputStream:75 - [STDERR_REDIRECT] [Fatal Error] :1:1: Premature end of file.
2026-04-23 13:45:08,803 [ERROR] LogOutputStream:75 - [STDERR_REDIRECT] 
2026-04-23 13:45:10,204 [ERROR] LogOutputStream:75 - [STDERR_REDIRECT] [Fatal Error] :1:1: Premature end of file.
2026-04-23 13:45:10,205 [ERROR] LogOutputStream:75 - [STDERR_REDIRECT] 
2026-04-23 13:45:11,872 [ERROR] LogOutputStream:75 - [STDERR_REDIRECT] [Fatal Error] :1:1: Premature end of file.
2026-04-23 13:45:11,881 [ERROR] LogOutputStream:75 - [STDERR_REDIRECT] 
2026-04-23 13:45:14,952 [ERROR] LogOutputStream:75 - [STDERR_REDIRECT] [Fatal Error] :1:1: Premature end of file.
2026-04-23 13:45:14,952 [ERROR] LogOutputStream:75 - [STDERR_REDIRECT] 
2026-04-23 13:45:23,165 [ERROR] LogOutputStream:75 - [STDERR_REDIRECT] [Fatal Error] :1:1: Premature end of file.
2026-04-23 13:45:23,166 [ERROR] LogOutputStream:75 - [STDERR_REDIRECT] 
2026-04-23 13:45:23,734 [ERROR] LogOutputStream:75 - [STDERR_REDIRECT] [Fatal Error] :1:1: Premature end of file.
2026-04-23 13:45:23,735 [ERROR] LogOutputStream:75 - [STDERR_REDIRECT] 
2026-04-23 13:45:24,348 [ERROR] LogOutputStream:75 - [STDERR_REDIRECT] [Fatal Error] :1:1: Premature end of file.
2026-04-23 13:45:24,350 [ERROR] LogOutputStream:75 - [STDERR_REDIRECT] 
2026-04-23 13:45:24,891 [ERROR] LogOutputStream:75 - [STDERR_REDIRECT] [Fatal Error] :1:1: Premature end of file.
2026-04-23 13:45:24,892 [ERROR] LogOutputStream:75 - [STDERR_REDIRECT] 
2026-04-23 13:45:26,775 [ERROR] LogOutputStream:75 - [STDERR_REDIRECT] [Fatal Error] :1:1: Premature end of file.
2026-04-23 13:45:26,775 [ERROR] LogOutputStream:75 - [STDERR_REDIRECT] 
2026-04-23 13:45:29,996 [ERROR] LogOutputStream:75 - [STDERR_REDIRECT] [Fatal Error] :1:1: Premature end of file.
2026-04-23 13:45:29,997 [ERROR] LogOutputStream:75 - [STDERR_REDIRECT] 
2026-04-23 13:45:30,824 [ERROR] LogOutputStream:75 - [STDERR_REDIRECT] [Fatal Error] :1:1: Premature end of file.
2026-04-23 13:45:30,825 [ERROR] LogOutputStream:75 - [STDERR_REDIRECT] 
2026-04-23 13:45:32,330 [ERROR] LogOutputStream:75 - [STDERR_REDIRECT] [Fatal Error] :1:1: Premature end of file.
2026-04-23 13:45:32,332 [ERROR] LogOutputStream:75 - [STDERR_REDIRECT] 
2026-04-23 13:45:33,489 [ERROR] LogOutputStream:75 - [STDERR_REDIRECT] [Fatal Error] :1:1: Premature end of file.
2026-04-23 13:45:33,489 [ERROR] LogOutputStream:75 - [STDERR_REDIRECT] 
2026-04-23 13:45:34,743 [ERROR] LogOutputStream:75 - [STDERR_REDIRECT] [Fatal Error] :1:1: Premature end of file.
2026-04-23 13:45:34,802 [ERROR] LogOutputStream:75 - [STDERR_REDIRECT] 
2026-04-23 13:45:37,031 [ERROR] LogOutputStream:75 - [STDERR_REDIRECT] [Fatal Error] :1:1: Premature end of file.
2026-04-23 13:45:37,032 [ERROR] LogOutputStream:75 - [STDERR_REDIRECT] 
2026-04-23 13:45:38,657 [ERROR] LogOutputStream:75 - [STDERR_REDIRECT] [Fatal Error] :1:1: Premature end of file.
2026-04-23 13:45:38,658 [ERROR] LogOutputStream:75 - [STDERR_REDIRECT] 
2026-04-23 13:45:38,717 [ERROR] LogOutputStream:75 - [STDERR_REDIRECT] [Fatal Error] :1:1: Premature end of file.
2026-04-23 13:45:38,718 [ERROR] LogOutputStream:75 - [STDERR_REDIRECT] 
2026-04-23 13:45:38,797 [ERROR] LogOutputStream:75 - [STDERR_REDIRECT] [Fatal Error] :1:1: Premature end of file.
2026-04-23 13:45:38,797 [ERROR] LogOutputStream:75 - [STDERR_REDIRECT] 
2026-04-23 13:45:46,206 [ERROR] LogOutputStream:75 - [STDERR_REDIRECT] [Fatal Error] :1:1: Premature end of file.
2026-04-23 13:45:46,207 [ERROR] LogOutputStream:75 - [STDERR_REDIRECT] 
2026-04-23 13:45:48,380 [ERROR] LogOutputStream:75 - [STDERR_REDIRECT] [Fatal Error] :1:1: Premature end of file.
2026-04-23 13:45:48,381 [ERROR] LogOutputStream:75 - [STDERR_REDIRECT] 
2026-04-23 13:45:49,186 [ERROR] LogOutputStream:75 - [STDERR_REDIRECT] [Fatal Error] :1:1: Premature end of file.
2026-04-23 13:45:49,189 [ERROR] LogOutputStream:75 - [STDERR_REDIRECT] 
2026-04-23 13:45:49,400 [ERROR] LogOutputStream:75 - [STDERR_REDIRECT] [Fatal Error] :1:1: Premature end of file.
2026-04-23 13:45:49,406 [ERROR] LogOutputStream:75 - [STDERR_REDIRECT] 
2026-04-23 13:45:49,607 [ERROR] LogOutputStream:75 - [STDERR_REDIRECT] [Fatal Error] :1:1: Premature end of file.
2026-04-23 13:45:49,610 [ERROR] LogOutputStream:75 - [STDERR_REDIRECT] 
2026-04-23 13:45:49,851 [ERROR] LogOutputStream:75 - [STDERR_REDIRECT] [Fatal Error] :1:1: Premature end of file.
2026-04-23 13:45:49,852 [ERROR] LogOutputStream:75 - [STDERR_REDIRECT] 
2026-04-23 13:45:50,710 [ERROR] LogOutputStream:75 - [STDERR_REDIRECT] [Fatal Error] :1:1: Premature end of file.
2026-04-23 13:45:50,720 [ERROR] LogOutputStream:75 - [STDERR_REDIRECT] 
2026-04-23 13:45:51,145 [ERROR] LogOutputStream:75 - [STDERR_REDIRECT] [Fatal Error] :1:1: Premature end of file.
2026-04-23 13:45:51,151 [ERROR] LogOutputStream:75 - [STDERR_REDIRECT] 
2026-04-23 13:45:51,266 [ERROR] LogOutputStream:75 - [STDERR_REDIRECT] [Fatal Error] :1:1: Premature end of file.
2026-04-23 13:45:51,266 [ERROR] LogOutputStream:75 - [STDERR_REDIRECT] 
2026-04-23 13:45:51,367 [ERROR] LogOutputStream:75 - [STDERR_REDIRECT] [Fatal Error] :1:1: Premature end of file.
2026-04-23 13:45:51,368 [ERROR] LogOutputStream:75 - [STDERR_REDIRECT] 
2026-04-23 13:45:51,434 [ERROR] LogOutputStream:75 - [STDERR_REDIRECT] [Fatal Error] :1:1: Premature end of file.
2026-04-23 13:45:51,434 [ERROR] LogOutputStream:75 - [STDERR_REDIRECT] 
2026-04-23 13:45:51,573 [ERROR] LogOutputStream:75 - [STDERR_REDIRECT] [Fatal Error] :1:1: Premature end of file.
2026-04-23 13:45:51,573 [ERROR] LogOutputStream:75 - [STDERR_REDIRECT] 
2026-04-23 13:45:51,661 [ERROR] LogOutputStream:75 - [STDERR_REDIRECT] [Fatal Error] :1:1: Premature end of file.
2026-04-23 13:45:51,667 [ERROR] LogOutputStream:75 - [STDERR_REDIRECT] 
2026-04-23 13:45:51,873 [ERROR] LogOutputStream:75 - [STDERR_REDIRECT] [Fatal Error] :1:1: Premature end of file.
2026-04-23 13:45:51,880 [ERROR] LogOutputStream:75 - [STDERR_REDIRECT] 
2026-04-23 13:45:51,963 [ERROR] LogOutputStream:75 - [STDERR_REDIRECT] [Fatal Error] :1:1: Premature end of file.
2026-04-23 13:45:51,965 [ERROR] LogOutputStream:75 - [STDERR_REDIRECT] 
2026-04-23 13:45:52,036 [ERROR] LogOutputStream:75 - [STDERR_REDIRECT] [Fatal Error] :1:1: Premature end of file.
2026-04-23 13:45:52,036 [ERROR] LogOutputStream:75 - [STDERR_REDIRECT] 
2026-04-23 13:45:52,186 [ERROR] LogOutputStream:75 - [STDERR_REDIRECT] [Fatal Error] :1:1: Premature end of file.
2026-04-23 13:45:52,188 [ERROR] LogOutputStream:75 - [STDERR_REDIRECT] 
2026-04-23 13:45:52,332 [ERROR] LogOutputStream:75 - [STDERR_REDIRECT] [Fatal Error] :1:1: Premature end of file.
2026-04-23 13:45:52,340 [ERROR] LogOutputStream:75 - [STDERR_REDIRECT] 
2026-04-23 13:45:52,424 [ERROR] LogOutputStream:75 - [STDERR_REDIRECT] [Fatal Error] :1:1: Premature end of file.
2026-04-23 13:45:52,424 [ERROR] LogOutputStream:75 - [STDERR_REDIRECT] 
2026-04-23 13:45:52,524 [ERROR] LogOutputStream:75 - [STDERR_REDIRECT] [Fatal Error] :1:1: Premature end of file.
2026-04-23 13:45:52,525 [ERROR] LogOutputStream:75 - [STDERR_REDIRECT] 
2026-04-23 13:45:52,622 [ERROR] LogOutputStream:75 - [STDERR_REDIRECT] [Fatal Error] :1:1: Premature end of file.
2026-04-23 13:45:52,622 [ERROR] LogOutputStream:75 - [STDERR_REDIRECT] 
2026-04-23 13:45:52,703 [ERROR] LogOutputStream:75 - [STDERR_REDIRECT] [Fatal Error] :1:1: Premature end of file.
2026-04-23 13:45:52,704 [ERROR] LogOutputStream:75 - [STDERR_REDIRECT] 
2026-04-23 13:45:55,324 [ERROR] LogOutputStream:75 - [STDERR_REDIRECT] [Fatal Error] :1:1: Premature end of file.
2026-04-23 13:45:55,325 [ERROR] LogOutputStream:75 - [STDERR_REDIRECT] 
2026-04-23 13:45:55,448 [ERROR] LogOutputStream:75 - [STDERR_REDIRECT] [Fatal Error] :1:1: Premature end of file.
2026-04-23 13:45:55,449 [ERROR] LogOutputStream:75 - [STDERR_REDIRECT] 
2026-04-23 13:45:55,819 [ERROR] LogOutputStream:75 - [STDERR_REDIRECT] [Fatal Error] :1:1: Premature end of file.
2026-04-23 13:45:55,822 [ERROR] LogOutputStream:75 - [STDERR_REDIRECT] 
2026-04-23 13:45:56,042 [ERROR] LogOutputStream:75 - [STDERR_REDIRECT] [Fatal Error] :1:1: Premature end of file.
2026-04-23 13:45:56,046 [ERROR] LogOutputStream:75 - [STDERR_REDIRECT] 
2026-04-23 13:45:56,233 [ERROR] LogOutputStream:75 - [STDERR_REDIRECT] [Fatal Error] :1:1: Premature end of file.
2026-04-23 13:45:56,245 [ERROR] LogOutputStream:75 - [STDERR_REDIRECT] 
2026-04-23 13:45:56,364 [ERROR] LogOutputStream:75 - [STDERR_REDIRECT] [Fatal Error] :1:1: Premature end of file.
2026-04-23 13:45:56,364 [ERROR] LogOutputStream:75 - [STDERR_REDIRECT] 
2026-04-23 13:45:56,675 [ERROR] LogOutputStream:75 - [STDERR_REDIRECT] [Fatal Error] :1:1: Premature end of file.
2026-04-23 13:45:56,675 [ERROR] LogOutputStream:75 - [STDERR_REDIRECT] 
2026-04-23 13:45:56,720 [ERROR] LogOutputStream:75 - [STDERR_REDIRECT] [Fatal Error] :1:1: Premature end of file.
2026-04-23 13:45:56,721 [ERROR] LogOutputStream:75 - [STDERR_REDIRECT] 
2026-04-23 13:45:56,771 [ERROR] LogOutputStream:75 - [STDERR_REDIRECT] [Fatal Error] :1:1: Premature end of file.
2026-04-23 13:45:56,771 [ERROR] LogOutputStream:75 - [STDERR_REDIRECT] 
2026-04-23 13:45:57,938 [ERROR] LogOutputStream:75 - [STDERR_REDIRECT] [Fatal Error] :1:1: Premature end of file.
2026-04-23 13:45:57,940 [ERROR] LogOutputStream:75 - [STDERR_REDIRECT] 
2026-04-23 13:45:58,899 [ERROR] LogOutputStream:75 - [STDERR_REDIRECT] [Fatal Error] :1:1: Premature end of file.
2026-04-23 13:45:58,900 [ERROR] LogOutputStream:75 - [STDERR_REDIRECT] 
2026-04-23 13:46:03,901 [ERROR] LogOutputStream:75 - [STDERR_REDIRECT] [Fatal Error] :1:1: Premature end of file.
2026-04-23 13:46:03,902 [ERROR] LogOutputStream:75 - [STDERR_REDIRECT] 
2026-04-23 13:46:04,196 [ERROR] LogOutputStream:75 - [STDERR_REDIRECT] [Fatal Error] :1:1: Premature end of file.
2026-04-23 13:46:04,197 [ERROR] LogOutputStream:75 - [STDERR_REDIRECT] 
2026-04-23 13:46:04,277 [ERROR] LogOutputStream:75 - [STDERR_REDIRECT] [Fatal Error] :1:1: Premature end of file.
2026-04-23 13:46:04,278 [ERROR] LogOutputStream:75 - [STDERR_REDIRECT] 
2026-04-23 13:46:04,321 [ERROR] LogOutputStream:75 - [STDERR_REDIRECT] [Fatal Error] :1:1: Premature end of file.
2026-04-23 13:46:04,321 [ERROR] LogOutputStream:75 - [STDERR_REDIRECT] 
2026-04-23 13:46:04,892 [ERROR] LogOutputStream:75 - [STDERR_REDIRECT] [Fatal Error] :1:1: Premature end of file.
2026-04-23 13:46:04,893 [ERROR] LogOutputStream:75 - [STDERR_REDIRECT] 
2026-04-23 13:46:05,242 [ERROR] LogOutputStream:75 - [STDERR_REDIRECT] [Fatal Error] :1:1: Premature end of file.
2026-04-23 13:46:05,243 [ERROR] LogOutputStream:75 - [STDERR_REDIRECT] 
2026-04-23 13:46:05,922 [ERROR] LogOutputStream:75 - [STDERR_REDIRECT] [Fatal Error] :1:1: Premature end of file.
2026-04-23 13:46:05,922 [ERROR] LogOutputStream:75 - [STDERR_REDIRECT] 
2026-04-23 13:46:06,931 [ERROR] LogOutputStream:75 - [STDERR_REDIRECT] [Fatal Error] :1:1: Premature end of file.
2026-04-23 13:46:06,931 [ERROR] LogOutputStream:75 - [STDERR_REDIRECT] 
2026-04-23 13:46:07,743 [ERROR] LogOutputStream:75 - [STDERR_REDIRECT] [Fatal Error] :1:1: Premature end of file.
2026-04-23 13:46:07,744 [ERROR] LogOutputStream:75 - [STDERR_REDIRECT] 
2026-04-23 13:46:08,735 [ERROR] LogOutputStream:75 - [STDERR_REDIRECT] [Fatal Error] :1:1: Premature end of file.
2026-04-23 13:46:08,735 [ERROR] LogOutputStream:75 - [STDERR_REDIRECT] 
2026-04-23 13:46:09,785 [ERROR] LogOutputStream:75 - [STDERR_REDIRECT] [Fatal Error] :1:1: Premature end of file.
2026-04-23 13:46:09,848 [ERROR] LogOutputStream:75 - [STDERR_REDIRECT] 
2026-04-23 13:46:11,307 [ERROR] LogOutputStream:75 - [STDERR_REDIRECT] [Fatal Error] :1:1: Premature end of file.
2026-04-23 13:46:11,307 [ERROR] LogOutputStream:75 - [STDERR_REDIRECT] 
2026-04-23 13:46:11,743 [ERROR] LogOutputStream:75 - [STDERR_REDIRECT] [Fatal Error] :1:1: Premature end of file.
2026-04-23 13:46:11,871 [ERROR] LogOutputStream:75 - [STDERR_REDIRECT] 
2026-04-23 13:46:25,176 [ERROR] LogOutputStream:75 - [STDERR_REDIRECT] [Fatal Error] :1:1: Premature end of file.
2026-04-23 13:46:25,177 [ERROR] LogOutputStream:75 - [STDERR_REDIRECT] 
2026-04-23 13:46:25,247 [ERROR] LogOutputStream:75 - [STDERR_REDIRECT] [Fatal Error] :1:1: Premature end of file.
2026-04-23 13:46:25,247 [ERROR] LogOutputStream:75 - [STDERR_REDIRECT] 
2026-04-23 13:46:25,310 [ERROR] LogOutputStream:75 - [STDERR_REDIRECT] [Fatal Error] :1:1: Premature end of file.
2026-04-23 13:46:25,311 [ERROR] LogOutputStream:75 - [STDERR_REDIRECT] 
2026-04-23 13:46:25,351 [ERROR] LogOutputStream:75 - [STDERR_REDIRECT] [Fatal Error] :1:1: Premature end of file.
2026-04-23 13:46:25,351 [ERROR] LogOutputStream:75 - [STDERR_REDIRECT] 
2026-04-23 13:46:25,388 [ERROR] LogOutputStream:75 - [STDERR_REDIRECT] [Fatal Error] :1:1: Premature end of file.
2026-04-23 13:46:25,388 [ERROR] LogOutputStream:75 - [STDERR_REDIRECT] 
2026-04-23 13:46:25,429 [ERROR] LogOutputStream:75 - [STDERR_REDIRECT] [Fatal Error] :1:1: Premature end of file.
2026-04-23 13:46:25,429 [ERROR] LogOutputStream:75 - [STDERR_REDIRECT] 
2026-04-23 13:46:25,511 [ERROR] LogOutputStream:75 - [STDERR_REDIRECT] [Fatal Error] :1:1: Premature end of file.
2026-04-23 13:46:25,511 [ERROR] LogOutputStream:75 - [STDERR_REDIRECT] 
2026-04-23 13:46:25,553 [ERROR] LogOutputStream:75 - [STDERR_REDIRECT] [Fatal Error] :1:1: Premature end of file.
2026-04-23 13:46:25,553 [ERROR] LogOutputStream:75 - [STDERR_REDIRECT] 
2026-04-23 13:46:25,642 [ERROR] LogOutputStream:75 - [STDERR_REDIRECT] [Fatal Error] :1:1: Premature end of file.
2026-04-23 13:46:25,642 [ERROR] LogOutputStream:75 - [STDERR_REDIRECT] 
2026-04-23 13:46:25,692 [ERROR] LogOutputStream:75 - [STDERR_REDIRECT] [Fatal Error] :1:1: Premature end of file.
2026-04-23 13:46:25,692 [ERROR] LogOutputStream:75 - [STDERR_REDIRECT] 
2026-04-23 13:46:25,820 [ERROR] LogOutputStream:75 - [STDERR_REDIRECT] [Fatal Error] :1:1: Premature end of file.
2026-04-23 13:46:25,820 [ERROR] LogOutputStream:75 - [STDERR_REDIRECT] 
2026-04-23 13:46:25,892 [ERROR] LogOutputStream:75 - [STDERR_REDIRECT] [Fatal Error] :1:1: Premature end of file.
2026-04-23 13:46:25,893 [ERROR] LogOutputStream:75 - [STDERR_REDIRECT] 
2026-04-23 13:46:25,960 [ERROR] LogOutputStream:75 - [STDERR_REDIRECT] [Fatal Error] :1:1: Premature end of file.
2026-04-23 13:46:25,960 [ERROR] LogOutputStream:75 - [STDERR_REDIRECT] 
2026-04-23 13:46:26,003 [ERROR] LogOutputStream:75 - [STDERR_REDIRECT] [Fatal Error] :1:1: Premature end of file.
2026-04-23 13:46:26,003 [ERROR] LogOutputStream:75 - [STDERR_REDIRECT] 
2026-04-23 13:46:26,731 [ERROR] LogOutputStream:75 - [STDERR_REDIRECT] [Fatal Error] :1:1: Premature end of file.
2026-04-23 13:46:26,731 [ERROR] LogOutputStream:75 - [STDERR_REDIRECT] 
2026-04-23 13:46:27,700 [ERROR] LogOutputStream:75 - [STDERR_REDIRECT] [Fatal Error] :1:1: Premature end of file.
2026-04-23 13:46:27,701 [ERROR] LogOutputStream:75 - [STDERR_REDIRECT] 
2026-04-23 13:46:28,766 [ERROR] LogOutputStream:75 - [STDERR_REDIRECT] [Fatal Error] :1:1: Premature end of file.
2026-04-23 13:46:28,766 [ERROR] LogOutputStream:75 - [STDERR_REDIRECT] 
2026-04-23 13:46:30,087 [ERROR] LogOutputStream:75 - [STDERR_REDIRECT] [Fatal Error] :1:1: Premature end of file.
2026-04-23 13:46:30,088 [ERROR] LogOutputStream:75 - [STDERR_REDIRECT] 
2026-04-23 13:46:30,956 [ERROR] LogOutputStream:75 - [STDERR_REDIRECT] [Fatal Error] :1:1: Premature end of file.
2026-04-23 13:46:30,957 [ERROR] LogOutputStream:75 - [STDERR_REDIRECT] 
2026-04-23 13:46:32,342 [ERROR] LogOutputStream:75 - [STDERR_REDIRECT] [Fatal Error] :1:1: Premature end of file.
2026-04-23 13:46:32,343 [ERROR] LogOutputStream:75 - [STDERR_REDIRECT] 
2026-04-23 13:46:32,837 [ERROR] LogOutputStream:75 - [STDERR_REDIRECT] [Fatal Error] :1:1: Premature end of file.
2026-04-23 13:46:32,838 [ERROR] LogOutputStream:75 - [STDERR_REDIRECT] 
2026-04-23 13:46:33,803 [ERROR] LogOutputStream:75 - [STDERR_REDIRECT] [Fatal Error] :1:1: Premature end of file.
2026-04-23 13:46:33,804 [ERROR] LogOutputStream:75 - [STDERR_REDIRECT] 
2026-04-23 13:46:34,742 [ERROR] LogOutputStream:75 - [STDERR_REDIRECT] [Fatal Error] :1:1: Premature end of file.
2026-04-23 13:46:34,743 [ERROR] LogOutputStream:75 - [STDERR_REDIRECT] 
2026-04-23 13:46:36,052 [ERROR] LogOutputStream:75 - [STDERR_REDIRECT] [Fatal Error] :1:1: Premature end of file.
2026-04-23 13:46:36,053 [ERROR] LogOutputStream:75 - [STDERR_REDIRECT] 
2026-04-23 13:46:36,825 [ERROR] LogOutputStream:75 - [STDERR_REDIRECT] [Fatal Error] :1:1: Premature end of file.
2026-04-23 13:46:36,828 [ERROR] LogOutputStream:75 - [STDERR_REDIRECT] 
2026-04-23 13:46:38,237 [ERROR] LogOutputStream:75 - [STDERR_REDIRECT] [Fatal Error] :1:1: Premature end of file.
2026-04-23 13:46:38,238 [ERROR] LogOutputStream:75 - [STDERR_REDIRECT] 
2026-04-23 13:46:38,833 [ERROR] LogOutputStream:75 - [STDERR_REDIRECT] [Fatal Error] :1:1: Premature end of file.
2026-04-23 13:46:38,834 [ERROR] LogOutputStream:75 - [STDERR_REDIRECT] 
2026-04-23 13:46:41,740 [ERROR] LogOutputStream:75 - [STDERR_REDIRECT] [Fatal Error] :1:1: Premature end of file.
2026-04-23 13:46:41,740 [ERROR] LogOutputStream:75 - [STDERR_REDIRECT] 
2026-04-23 13:46:42,052 [ERROR] LogOutputStream:75 - [STDERR_REDIRECT] [Fatal Error] :1:1: Premature end of file.
2026-04-23 13:46:42,052 [ERROR] LogOutputStream:75 - [STDERR_REDIRECT] 
2026-04-23 13:46:42,843 [ERROR] LogOutputStream:75 - [STDERR_REDIRECT] [Fatal Error] :1:1: Premature end of file.
2026-04-23 13:46:42,844 [ERROR] LogOutputStream:75 - [STDERR_REDIRECT] 
2026-04-23 13:46:42,903 [ERROR] LogOutputStream:75 - [STDERR_REDIRECT] [Fatal Error] :1:1: Premature end of file.
2026-04-23 13:46:42,903 [ERROR] LogOutputStream:75 - [STDERR_REDIRECT] 
2026-04-23 13:46:43,791 [ERROR] LogOutputStream:75 - [STDERR_REDIRECT] [Fatal Error] :1:1: Premature end of file.
2026-04-23 13:46:43,791 [ERROR] LogOutputStream:75 - [STDERR_REDIRECT] 
2026-04-23 13:46:45,054 [ERROR] LogOutputStream:75 - [STDERR_REDIRECT] [Fatal Error] :1:1: Premature end of file.
2026-04-23 13:46:45,054 [ERROR] LogOutputStream:75 - [STDERR_REDIRECT] 
2026-04-23 13:46:45,730 [ERROR] LogOutputStream:75 - [STDERR_REDIRECT] [Fatal Error] :1:1: Premature end of file.
2026-04-23 13:46:45,731 [ERROR] LogOutputStream:75 - [STDERR_REDIRECT] 
2026-04-23 13:46:46,887 [ERROR] LogOutputStream:75 - [STDERR_REDIRECT] [Fatal Error] :1:1: Premature end of file.
2026-04-23 13:46:46,887 [ERROR] LogOutputStream:75 - [STDERR_REDIRECT] 
2026-04-23 13:46:47,717 [ERROR] LogOutputStream:75 - [STDERR_REDIRECT] [Fatal Error] :1:1: Premature end of file.
2026-04-23 13:46:47,717 [ERROR] LogOutputStream:75 - [STDERR_REDIRECT] 
2026-04-23 13:46:48,863 [ERROR] LogOutputStream:75 - [STDERR_REDIRECT] [Fatal Error] :1:1: Premature end of file.
2026-04-23 13:46:48,863 [ERROR] LogOutputStream:75 - [STDERR_REDIRECT] 
2026-04-23 13:46:50,013 [ERROR] LogOutputStream:75 - [STDERR_REDIRECT] [Fatal Error] :1:1: Premature end of file.
2026-04-23 13:46:50,013 [ERROR] LogOutputStream:75 - [STDERR_REDIRECT] 
2026-04-23 13:46:50,798 [ERROR] LogOutputStream:75 - [STDERR_REDIRECT] [Fatal Error] :1:1: Premature end of file.
2026-04-23 13:46:51,169 [ERROR] LogOutputStream:75 - [STDERR_REDIRECT] 
2026-04-23 13:46:51,741 [ERROR] LogOutputStream:75 - [STDERR_REDIRECT] [Fatal Error] :1:1: Premature end of file.
2026-04-23 13:46:51,743 [ERROR] LogOutputStream:75 - [STDERR_REDIRECT] 
2026-04-23 13:46:52,803 [ERROR] LogOutputStream:75 - [STDERR_REDIRECT] [Fatal Error] :1:1: Premature end of file.
2026-04-23 13:46:52,803 [ERROR] LogOutputStream:75 - [STDERR_REDIRECT] 
2026-04-23 13:46:54,078 [ERROR] LogOutputStream:75 - [STDERR_REDIRECT] [Fatal Error] :1:1: Premature end of file.
2026-04-23 13:46:54,078 [ERROR] LogOutputStream:75 - [STDERR_REDIRECT] 
2026-04-23 13:46:54,750 [ERROR] LogOutputStream:75 - [STDERR_REDIRECT] [Fatal Error] :1:1: Premature end of file.
2026-04-23 13:46:54,751 [ERROR] LogOutputStream:75 - [STDERR_REDIRECT] 
2026-04-23 13:46:57,248 [ERROR] LogOutputStream:75 - [STDERR_REDIRECT] [Fatal Error] :1:1: Premature end of file.
2026-04-23 13:46:57,248 [ERROR] LogOutputStream:75 - [STDERR_REDIRECT] 
2026-04-23 13:46:58,016 [ERROR] LogOutputStream:75 - [STDERR_REDIRECT] [Fatal Error] :1:1: Premature end of file.
2026-04-23 13:46:58,018 [ERROR] LogOutputStream:75 - [STDERR_REDIRECT] 
2026-04-23 13:46:58,180 [ERROR] LogOutputStream:75 - [STDERR_REDIRECT] [Fatal Error] :1:1: Premature end of file.
2026-04-23 13:46:58,180 [ERROR] LogOutputStream:75 - [STDERR_REDIRECT] 
2026-04-23 13:46:58,874 [ERROR] LogOutputStream:75 - [STDERR_REDIRECT] [Fatal Error] :1:1: Premature end of file.
2026-04-23 13:46:58,984 [ERROR] LogOutputStream:75 - [STDERR_REDIRECT] 
2026-04-23 13:46:59,752 [ERROR] LogOutputStream:75 - [STDERR_REDIRECT] [Fatal Error] :1:1: Premature end of file.
2026-04-23 13:46:59,752 [ERROR] LogOutputStream:75 - [STDERR_REDIRECT] 
2026-04-23 13:47:00,725 [ERROR] LogOutputStream:75 - [STDERR_REDIRECT] [Fatal Error] :1:1: Premature end of file.
2026-04-23 13:47:00,726 [ERROR] LogOutputStream:75 - [STDERR_REDIRECT] 
2026-04-23 13:47:02,057 [ERROR] LogOutputStream:75 - [STDERR_REDIRECT] [Fatal Error] :1:1: Premature end of file.
2026-04-23 13:47:02,097 [ERROR] LogOutputStream:75 - [STDERR_REDIRECT] 
2026-04-23 13:47:02,742 [ERROR] LogOutputStream:75 - [STDERR_REDIRECT] [Fatal Error] :1:1: Premature end of file.
2026-04-23 13:47:02,742 [ERROR] LogOutputStream:75 - [STDERR_REDIRECT] 
2026-04-23 13:47:03,743 [ERROR] LogOutputStream:75 - [STDERR_REDIRECT] [Fatal Error] :1:1: Premature end of file.
2026-04-23 13:47:03,743 [ERROR] LogOutputStream:75 - [STDERR_REDIRECT] 
2026-04-23 13:47:04,871 [ERROR] LogOutputStream:75 - [STDERR_REDIRECT] [Fatal Error] :1:1: Premature end of file.
2026-04-23 13:47:04,871 [ERROR] LogOutputStream:75 - [STDERR_REDIRECT] 
2026-04-23 13:47:05,745 [ERROR] LogOutputStream:75 - [STDERR_REDIRECT] [Fatal Error] :1:1: Premature end of file.
2026-04-23 13:47:05,746 [ERROR] LogOutputStream:75 - [STDERR_REDIRECT] 
2026-04-23 13:47:06,752 [ERROR] LogOutputStream:75 - [STDERR_REDIRECT] [Fatal Error] :1:1: Premature end of file.
2026-04-23 13:47:06,752 [ERROR] LogOutputStream:75 - [STDERR_REDIRECT] 
2026-04-23 13:47:07,743 [ERROR] LogOutputStream:75 - [STDERR_REDIRECT] [Fatal Error] :1:1: Premature end of file.
2026-04-23 13:47:07,743 [ERROR] LogOutputStream:75 - [STDERR_REDIRECT] 
2026-04-23 13:47:08,734 [ERROR] LogOutputStream:75 - [STDERR_REDIRECT] [Fatal Error] :1:1: Premature end of file.
2026-04-23 13:47:08,734 [ERROR] LogOutputStream:75 - [STDERR_REDIRECT] 
2026-04-23 13:47:10,028 [ERROR] LogOutputStream:75 - [STDERR_REDIRECT] [Fatal Error] :1:1: Premature end of file.
2026-04-23 13:47:10,029 [ERROR] LogOutputStream:75 - [STDERR_REDIRECT] 
2026-04-23 13:47:10,723 [ERROR] LogOutputStream:75 - [STDERR_REDIRECT] [Fatal Error] :1:1: Premature end of file.
2026-04-23 13:47:10,723 [ERROR] LogOutputStream:75 - [STDERR_REDIRECT] 
2026-04-23 13:47:13,086 [ERROR] LogOutputStream:75 - [STDERR_REDIRECT] [Fatal Error] :1:1: Premature end of file.
2026-04-23 13:47:13,087 [ERROR] LogOutputStream:75 - [STDERR_REDIRECT] 
2026-04-23 13:47:13,198 [ERROR] LogOutputStream:75 - [STDERR_REDIRECT] [Fatal Error] :1:1: Premature end of file.
2026-04-23 13:47:13,198 [ERROR] LogOutputStream:75 - [STDERR_REDIRECT] 
2026-04-23 13:47:13,743 [ERROR] LogOutputStream:75 - [STDERR_REDIRECT] [Fatal Error] :1:1: Premature end of file.
2026-04-23 13:47:13,743 [ERROR] LogOutputStream:75 - [STDERR_REDIRECT] 
2026-04-23 13:47:25,007 [ERROR] LogOutputStream:75 - [STDERR_REDIRECT] [Fatal Error] :1:1: Premature end of file.
2026-04-23 13:47:25,009 [ERROR] LogOutputStream:75 - [STDERR_REDIRECT] 
2026-04-23 13:47:25,143 [ERROR] LogOutputStream:75 - [STDERR_REDIRECT] [Fatal Error] :1:1: Premature end of file.
2026-04-23 13:47:25,144 [ERROR] LogOutputStream:75 - [STDERR_REDIRECT] 
2026-04-23 13:47:25,210 [ERROR] LogOutputStream:75 - [STDERR_REDIRECT] [Fatal Error] :1:1: Premature end of file.
2026-04-23 13:47:25,211 [ERROR] LogOutputStream:75 - [STDERR_REDIRECT] 
2026-04-23 13:47:25,473 [ERROR] LogOutputStream:75 - [STDERR_REDIRECT] [Fatal Error] :1:1: Premature end of file.
2026-04-23 13:47:25,473 [ERROR] LogOutputStream:75 - [STDERR_REDIRECT] 
2026-04-23 13:47:25,563 [ERROR] LogOutputStream:75 - [STDERR_REDIRECT] [Fatal Error] :1:1: Premature end of file.
2026-04-23 13:47:25,565 [ERROR] LogOutputStream:75 - [STDERR_REDIRECT] 
2026-04-23 13:47:25,633 [ERROR] LogOutputStream:75 - [STDERR_REDIRECT] [Fatal Error] :1:1: Premature end of file.
2026-04-23 13:47:25,634 [ERROR] LogOutputStream:75 - [STDERR_REDIRECT] 
2026-04-23 13:47:25,704 [ERROR] LogOutputStream:75 - [STDERR_REDIRECT] [Fatal Error] :1:1: Premature end of file.
2026-04-23 13:47:25,705 [ERROR] LogOutputStream:75 - [STDERR_REDIRECT] 
2026-04-23 13:47:25,782 [ERROR] LogOutputStream:75 - [STDERR_REDIRECT] [Fatal Error] :1:1: Premature end of file.
2026-04-23 13:47:25,783 [ERROR] LogOutputStream:75 - [STDERR_REDIRECT] 
2026-04-23 13:47:25,834 [ERROR] LogOutputStream:75 - [STDERR_REDIRECT] [Fatal Error] :1:1: Premature end of file.
2026-04-23 13:47:25,834 [ERROR] LogOutputStream:75 - [STDERR_REDIRECT] 
2026-04-23 13:47:25,984 [ERROR] LogOutputStream:75 - [STDERR_REDIRECT] [Fatal Error] :1:1: Premature end of file.
2026-04-23 13:47:25,985 [ERROR] LogOutputStream:75 - [STDERR_REDIRECT] 
2026-04-23 13:47:26,055 [ERROR] LogOutputStream:75 - [STDERR_REDIRECT] [Fatal Error] :1:1: Premature end of file.
2026-04-23 13:47:26,055 [ERROR] LogOutputStream:75 - [STDERR_REDIRECT] 
2026-04-23 13:47:26,122 [ERROR] LogOutputStream:75 - [STDERR_REDIRECT] [Fatal Error] :1:1: Premature end of file.
2026-04-23 13:47:26,123 [ERROR] LogOutputStream:75 - [STDERR_REDIRECT] 
2026-04-23 13:47:27,125 [ERROR] LogOutputStream:75 - [STDERR_REDIRECT] [Fatal Error] :1:1: Premature end of file.
2026-04-23 13:47:27,126 [ERROR] LogOutputStream:75 - [STDERR_REDIRECT] 
2026-04-23 13:47:28,304 [ERROR] LogOutputStream:75 - [STDERR_REDIRECT] [Fatal Error] :1:1: Premature end of file.
2026-04-23 13:47:28,304 [ERROR] LogOutputStream:75 - [STDERR_REDIRECT] 
2026-04-23 13:47:28,778 [ERROR] LogOutputStream:75 - [STDERR_REDIRECT] [Fatal Error] :1:1: Premature end of file.
2026-04-23 13:47:28,780 [ERROR] LogOutputStream:75 - [STDERR_REDIRECT] 
2026-04-23 13:47:30,201 [ERROR] LogOutputStream:75 - [STDERR_REDIRECT] [Fatal Error] :1:1: Premature end of file.
2026-04-23 13:47:30,202 [ERROR] LogOutputStream:75 - [STDERR_REDIRECT] 
2026-04-23 13:47:30,896 [ERROR] LogOutputStream:75 - [STDERR_REDIRECT] [Fatal Error] :1:1: Premature end of file.
2026-04-23 13:47:30,898 [ERROR] LogOutputStream:75 - [STDERR_REDIRECT] 
2026-04-23 13:47:31,955 [ERROR] LogOutputStream:75 - [STDERR_REDIRECT] [Fatal Error] :1:1: Premature end of file.
2026-04-23 13:47:31,955 [ERROR] LogOutputStream:75 - [STDERR_REDIRECT] 
2026-04-23 13:47:32,840 [ERROR] LogOutputStream:75 - [STDERR_REDIRECT] [Fatal Error] :1:1: Premature end of file.
2026-04-23 13:47:32,842 [ERROR] LogOutputStream:75 - [STDERR_REDIRECT] 
2026-04-23 13:47:33,886 [ERROR] LogOutputStream:75 - [STDERR_REDIRECT] [Fatal Error] :1:1: Premature end of file.
2026-04-23 13:47:33,887 [ERROR] LogOutputStream:75 - [STDERR_REDIRECT] 
2026-04-23 13:47:35,231 [ERROR] LogOutputStream:75 - [STDERR_REDIRECT] [Fatal Error] :1:1: Premature end of file.
2026-04-23 13:47:35,231 [ERROR] LogOutputStream:75 - [STDERR_REDIRECT] 
2026-04-23 13:47:35,735 [ERROR] LogOutputStream:75 - [STDERR_REDIRECT] [Fatal Error] :1:1: Premature end of file.
2026-04-23 13:47:35,736 [ERROR] LogOutputStream:75 - [STDERR_REDIRECT] 
2026-04-23 13:47:37,313 [ERROR] LogOutputStream:75 - [STDERR_REDIRECT] [Fatal Error] :1:1: Premature end of file.
2026-04-23 13:47:37,313 [ERROR] LogOutputStream:75 - [STDERR_REDIRECT] 
2026-04-23 13:47:38,520 [ERROR] LogOutputStream:75 - [STDERR_REDIRECT] [Fatal Error] :1:1: Premature end of file.
2026-04-23 13:47:38,521 [ERROR] LogOutputStream:75 - [STDERR_REDIRECT] 
2026-04-23 13:47:38,743 [ERROR] LogOutputStream:75 - [STDERR_REDIRECT] [Fatal Error] :1:1: Premature end of file.
2026-04-23 13:47:38,744 [ERROR] LogOutputStream:75 - [STDERR_REDIRECT] 
2026-04-23 13:47:39,736 [ERROR] LogOutputStream:75 - [STDERR_REDIRECT] [Fatal Error] :1:1: Premature end of file.
2026-04-23 13:47:39,736 [ERROR] LogOutputStream:75 - [STDERR_REDIRECT] 
2026-04-23 13:47:40,848 [ERROR] LogOutputStream:75 - [STDERR_REDIRECT] Exception in thread "Serial Ports Filter" java.lang.NullPointerException: Cannot invoke "org.eclipse.core.resources.ResourcesPlugin.getLog()" because the return value of "org.eclipse.core.resources.ResourcesPlugin.getPlugin()" is null
2026-04-23 13:47:40,850 [ERROR] LogOutputStream:75 - [STDERR_REDIRECT] 	at com.st.stm32cube.common.logger.MCULoggerPlugin.log(MCULoggerPlugin.java:84)
2026-04-23 13:47:40,857 [ERROR] LogOutputStream:75 - [STDERR_REDIRECT] 	at com.st.stm32cube.common.logger.MCULoggerPlugin.logException(MCULoggerPlugin.java:116)
2026-04-23 13:47:40,862 [ERROR] LogOutputStream:75 - [STDERR_REDIRECT] 	at com.st.stm32cube.ide.mpu.remote.serial.internal.SerialPortProviderWindows.run(SerialPortProviderWindows.java:156)
2026-04-23 13:47:40,865 [ERROR] LogOutputStream:75 - [STDERR_REDIRECT] 	at java.base/java.util.TimerThread.mainLoop(Timer.java:566)
2026-04-23 13:47:40,867 [ERROR] LogOutputStream:75 - [STDERR_REDIRECT] 	at java.base/java.util.TimerThread.run(Timer.java:516)
2026-04-23 13:47:58,893 [ERROR] LogOutputStream:75 - [STDERR_REDIRECT] 
2026-04-23 13:47:58,959 [ERROR] LogOutputStream:75 - [STDERR_REDIRECT] 
